Copyright 1986-2018 Xilinx, Inc. All Rights Reserved.
---------------------------------------------------------------------------------------------
| Tool Version : Vivado v.2018.2 (lin64) Build 2258646 Thu Jun 14 20:02:38 MDT 2018
| Date         : Tue Jul 31 01:00:34 2018
| Host         : tingyuan-OptiPlex-9010 running 64-bit Ubuntu 18.04 LTS
| Command      : report_control_sets -verbose -file design_1_wrapper_control_sets_placed.rpt
| Design       : design_1_wrapper
| Device       : xc7z020
---------------------------------------------------------------------------------------------

Control Set Information

Table of Contents
-----------------
1. Summary
2. Histogram
3. Flip-Flop Distribution
4. Detailed Control Set Information

1. Summary
----------

+----------------------------------------------------------+-------+
|                          Status                          | Count |
+----------------------------------------------------------+-------+
| Number of unique control sets                            |   130 |
| Unused register locations in slices containing registers |   232 |
+----------------------------------------------------------+-------+


2. Histogram
------------

+--------+--------------+
| Fanout | Control Sets |
+--------+--------------+
|      2 |            1 |
|      8 |           15 |
|     10 |            3 |
|     12 |            4 |
|     14 |            7 |
|    16+ |          100 |
+--------+--------------+


3. Flip-Flop Distribution
-------------------------

+--------------+-----------------------+------------------------+-----------------+--------------+
| Clock Enable | Synchronous Set/Reset | Asynchronous Set/Reset | Total Registers | Total Slices |
+--------------+-----------------------+------------------------+-----------------+--------------+
| No           | No                    | No                     |             970 |          283 |
| No           | No                    | Yes                    |               0 |            0 |
| No           | Yes                   | No                     |             456 |          106 |
| Yes          | No                    | No                     |            9826 |         1861 |
| Yes          | No                    | Yes                    |               0 |            0 |
| Yes          | Yes                   | No                     |             428 |           83 |
+--------------+-----------------------+------------------------+-----------------+--------------+


4. Detailed Control Set Information
-----------------------------------

+-----------------------------------+------------------------------------------------------------------------------------------------+----------------------------------------------------------------------------------------------------------------+------------------+----------------+
|            Clock Signal           |                                          Enable Signal                                         |                                                Set/Reset Signal                                                | Slice Load Count | Bel Load Count |
+-----------------------------------+------------------------------------------------------------------------------------------------+----------------------------------------------------------------------------------------------------------------+------------------+----------------+
|  design_1_i/clk_wiz/inst/clk_out1 | design_1_i/Ext_HTA_0/inst/ap_CS_fsm_state4                                                     |                                                                                                                |                1 |              2 |
|  design_1_i/clk_wiz/inst/clk_out1 | design_1_i/Ext_KWTA16k_0/inst/ap_CS_fsm_state28                                                | design_1_i/Ext_KWTA16k_0/inst/p_0102_0_i_reg_1191[3]_i_1_n_0                                                   |                4 |              8 |
|  design_1_i/clk_wiz/inst/clk_out1 | design_1_i/Ext_HTA_0/inst/ap_NS_fsm[31]                                                        |                                                                                                                |                1 |              8 |
|  design_1_i/clk_wiz/inst/clk_out1 | design_1_i/Ext_HTA_0/inst/ap_CS_fsm_state53                                                    | design_1_i/Ext_HTA_0/inst/cnt1_reg_832                                                                         |                1 |              8 |
|  design_1_i/clk_wiz/inst/clk_out1 | design_1_i/Ext_HTA_0/inst/ap_NS_fsm[4]                                                         |                                                                                                                |                1 |              8 |
|  design_1_i/clk_wiz/inst/clk_out1 | design_1_i/Ext_HTA_0/inst/t_V_reg_555                                                          | design_1_i/Ext_HTA_0/inst/reg_583[7]                                                                           |                1 |              8 |
|  design_1_i/clk_wiz/inst/clk_out1 | design_1_i/Ext_HTA_0/inst/ap_CS_fsm_state19                                                    | design_1_i/Ext_HTA_0/inst/p_03622_3_reg_642                                                                    |                1 |              8 |
|  design_1_i/clk_wiz/inst/clk_out1 | design_1_i/Ext_KWTA16k_0/inst/ap_CS_fsm_state25                                                | design_1_i/Ext_KWTA16k_0/inst/p_0252_0_i1_reg_948[0]_i_1_n_0                                                   |                4 |              8 |
|  design_1_i/clk_wiz/inst/clk_out1 | design_1_i/Ext_KWTA16k_0/inst/ap_CS_fsm_state25                                                | design_1_i/Ext_KWTA16k_0/inst/p_0248_0_i1_cast_reg_3968[3]_i_1_n_0                                             |                3 |              8 |
|  design_1_i/clk_wiz/inst/clk_out1 | design_1_i/Ext_KWTA16k_0/inst/ap_CS_fsm_state25                                                | design_1_i/Ext_KWTA16k_0/inst/p_0244_0_i1_reg_1062[3]_i_1_n_0                                                  |                2 |              8 |
|  design_1_i/clk_wiz/inst/clk_out1 | design_1_i/Ext_HTA_0/inst/shift_constant_V_U/Ext_HTA_shift_coneOg_rom_U/shift_constant_V_ce0   |                                                                                                                |                1 |              8 |
|  design_1_i/clk_wiz/inst/clk_out1 | design_1_i/Ext_KWTA16k_0/inst/shift_constant_V_U/Ext_KWTA16k_shifthbi_rom_U/q0[4]_i_1__1_n_0   |                                                                                                                |                1 |              8 |
|  design_1_i/clk_wiz/inst/clk_out1 |                                                                                                | design_1_i/rst_clk_wiz_100M/U0/EXT_LPF/lpf_int                                                                 |                3 |              8 |
|  design_1_i/clk_wiz/inst/clk_out1 | design_1_i/Ext_KWTA16k_0/inst/reg_15750                                                        |                                                                                                                |                1 |              8 |
|  design_1_i/clk_wiz/inst/clk_out1 | design_1_i/Ext_KWTA16k_0/inst/ap_CS_fsm_state30                                                | design_1_i/Ext_KWTA16k_0/inst/group_tree_mask_V_U/Ext_KWTA16k_groupg8j_rom_U/group_tree_tmp_V_reg_4059_reg[5]  |                1 |              8 |
|  design_1_i/clk_wiz/inst/clk_out1 | design_1_i/Ext_KWTA16k_0/inst/ap_CS_fsm_state31                                                | design_1_i/Ext_KWTA16k_0/inst/p_0252_0_i_cast_reg_4090[3]_i_1_n_0                                              |                3 |              8 |
|  design_1_i/clk_wiz/inst/clk_out1 | design_1_i/Ext_KWTA16k_0/inst/ap_CS_fsm_state5                                                 | design_1_i/Ext_KWTA16k_0/inst/r_V_9_reg_3720[6]_i_1_n_0                                                        |                2 |             10 |
|  design_1_i/clk_wiz/inst/clk_out1 | design_1_i/Ext_KWTA16k_0/inst/reg_15660                                                        |                                                                                                                |                2 |             10 |
|  design_1_i/clk_wiz/inst/clk_out1 | design_1_i/Ext_HTA_0/inst/ap_CS_fsm_state61                                                    |                                                                                                                |                4 |             10 |
|  design_1_i/clk_wiz/inst/clk_out1 | design_1_i/rst_clk_wiz_100M/U0/SEQ/seq_cnt_en                                                  | design_1_i/rst_clk_wiz_100M/U0/SEQ/SEQ_COUNTER/clear                                                           |                1 |             12 |
|  design_1_i/clk_wiz/inst/clk_out1 | design_1_i/Ext_KWTA16k_0/inst/arrayNo1_reg_38610                                               |                                                                                                                |                2 |             12 |
|  design_1_i/clk_wiz/inst/clk_out1 | design_1_i/Ext_KWTA16k_0/inst/ap_CS_fsm_state30                                                |                                                                                                                |                4 |             12 |
|  design_1_i/clk_wiz/inst/clk_out1 | design_1_i/Ext_KWTA16k_0/inst/extra_mask_V_U/Ext_KWTA16k_extrajbC_rom_U/E[0]                   |                                                                                                                |                3 |             12 |
|  design_1_i/clk_wiz/inst/clk_out1 | design_1_i/Ext_HTA_0/inst/ap_CS_fsm_state13                                                    |                                                                                                                |                4 |             14 |
|  design_1_i/clk_wiz/inst/clk_out1 | design_1_i/Ext_HTA_0/inst/alloc_cmd_ap_ack                                                     |                                                                                                                |                2 |             14 |
|  design_1_i/clk_wiz/inst/clk_out1 | design_1_i/Ext_HTA_0/inst/ap_CS_fsm_state54                                                    |                                                                                                                |                2 |             14 |
|  design_1_i/clk_wiz/inst/clk_out1 | design_1_i/Ext_HTA_0/inst/ap_CS_fsm[60]_i_1_n_0                                                |                                                                                                                |                3 |             14 |
|  design_1_i/clk_wiz/inst/clk_out1 | design_1_i/Ext_HTA_0/inst/ap_CS_fsm_state45                                                    | design_1_i/Ext_HTA_0/inst/ap_CS_fsm_state37                                                                    |                3 |             14 |
|  design_1_i/clk_wiz/inst/clk_out1 | design_1_i/Ext_KWTA16k_0/inst/reg_16110                                                        |                                                                                                                |                1 |             14 |
|  design_1_i/clk_wiz/inst/clk_out1 | design_1_i/Ext_KWTA16k_0/inst/maintain_mask_V_U/Ext_KWTA16k_maintbkb_rom_U/maintain_mask_V_ce0 |                                                                                                                |                1 |             14 |
|  design_1_i/clk_wiz/inst/clk_out1 | design_1_i/Ext_HTA_0/inst/ap_NS_fsm[18]                                                        |                                                                                                                |                2 |             16 |
|  design_1_i/clk_wiz/inst/clk_out1 | design_1_i/Ext_HTA_0/inst/ap_NS_fsm[52]                                                        |                                                                                                                |                3 |             16 |
|  design_1_i/clk_wiz/inst/clk_out1 | design_1_i/Ext_HTA_0/inst/reg_583[7]_i_2_n_0                                                   | design_1_i/Ext_HTA_0/inst/reg_583[7]                                                                           |                3 |             16 |
|  design_1_i/clk_wiz/inst/clk_out1 | design_1_i/Ext_HTA_0/inst/ap_NS_fsm121_out                                                     | design_1_i/Ext_HTA_0/inst/ap_NS_fsm123_out                                                                     |                3 |             16 |
|  design_1_i/clk_wiz/inst/clk_out1 | design_1_i/Ext_HTA_0/inst/now2_V_reg_28100                                                     |                                                                                                                |                2 |             16 |
|  design_1_i/clk_wiz/inst/clk_out1 | design_1_i/Ext_KWTA16k_0/inst/ap_CS_fsm_state30                                                | design_1_i/Ext_KWTA16k_0/inst/group_tree_mask_V_U/Ext_KWTA16k_groupg8j_rom_U/group_tree_tmp_V_reg_4059_reg[13] |                3 |             16 |
|  design_1_i/clk_wiz/inst/clk_out1 | design_1_i/Ext_HTA_0/inst/buddy_tree_V_U/Ext_HTA_buddy_trebkb_ram_U/ap_CS_fsm_reg[54]          |                                                                                                                |                3 |             16 |
|  design_1_i/clk_wiz/inst/clk_out1 | design_1_i/Ext_HTA_0/inst/p_0_in18_in                                                          |                                                                                                                |                3 |             18 |
|  design_1_i/clk_wiz/inst/clk_out1 | design_1_i/Ext_HTA_0/inst/buddy_tree_V_U/Ext_HTA_buddy_trebkb_ram_U/ap_NS_fsm330_out           |                                                                                                                |                3 |             18 |
|  design_1_i/clk_wiz/inst/clk_out1 | design_1_i/Ext_KWTA16k_0/inst/ap_NS_fsm[7]                                                     | design_1_i/Ext_KWTA16k_0/inst/p_02178_0_in_in_reg_797[6]                                                       |                2 |             20 |
|  design_1_i/clk_wiz/inst/clk_out1 | design_1_i/Ext_HTA_0/inst/ap_NS_fsm[17]                                                        |                                                                                                                |                4 |             20 |
|  design_1_i/clk_wiz/inst/clk_out1 | design_1_i/Ext_KWTA16k_0/inst/ap_NS_fsm1115_out                                                |                                                                                                                |                4 |             22 |
|  design_1_i/clk_wiz/inst/clk_out1 | design_1_i/Ext_KWTA16k_0/inst/phitmp2_reg_3652[10]_i_1_n_0                                     |                                                                                                                |                2 |             22 |
|  design_1_i/clk_wiz/inst/clk_out1 | design_1_i/Ext_KWTA16k_0/inst/ap_CS_fsm_state9                                                 |                                                                                                                |                4 |             22 |
|  design_1_i/clk_wiz/inst/clk_out1 | design_1_i/Ext_HTA_0/inst/ap_CS_fsm_state27                                                    |                                                                                                                |                4 |             22 |
|  design_1_i/clk_wiz/inst/clk_out1 | design_1_i/Ext_KWTA16k_0/inst/ap_reg_ioackin_alloc_addr_ap_ack2112_out                         |                                                                                                                |                3 |             22 |
|  design_1_i/clk_wiz/inst/clk_out1 | design_1_i/Ext_HTA_0/inst/buddy_tree_V_U/Ext_HTA_buddy_trebkb_ram_U/ap_CS_fsm_reg[8][0]        |                                                                                                                |                2 |             22 |
|  design_1_i/clk_wiz/inst/clk_out1 | design_1_i/Ext_KWTA16k_0/inst/reg_15700                                                        |                                                                                                                |                2 |             22 |
|  design_1_i/clk_wiz/inst/clk_out1 | design_1_i/Ext_HTA_0/inst/ap_NS_fsm[53]                                                        |                                                                                                                |                5 |             22 |
|  design_1_i/clk_wiz/inst/clk_out1 | design_1_i/Ext_HTA_0/inst/ap_NS_fsm147_out                                                     |                                                                                                                |                5 |             22 |
|  design_1_i/clk_wiz/inst/clk_out1 | design_1_i/Ext_KWTA16k_0/inst/ap_NS_fsm[7]                                                     |                                                                                                                |                6 |             22 |
|  design_1_i/clk_wiz/inst/clk_out1 | design_1_i/Ext_HTA_0/inst/ap_CS_fsm_state10                                                    |                                                                                                                |                6 |             24 |
|  design_1_i/clk_wiz/inst/clk_out1 | design_1_i/Ext_KWTA16k_0/inst/group_tree_mask_V_U/Ext_KWTA16k_groupg8j_rom_U/E[0]              |                                                                                                                |                4 |             24 |
|  design_1_i/clk_wiz/inst/clk_out1 | design_1_i/Ext_HTA_0/inst/loc1_V_s_reg_27570                                                   |                                                                                                                |                6 |             24 |
|  design_1_i/clk_wiz/inst/clk_out1 | design_1_i/Ext_HTA_0/inst/ap_CS_fsm_state38                                                    |                                                                                                                |                5 |             24 |
|  design_1_i/clk_wiz/inst/clk_out1 | design_1_i/Ext_HTA_0/inst/ap_CS_fsm_state52                                                    |                                                                                                                |                5 |             24 |
|  design_1_i/clk_wiz/inst/clk_out1 | design_1_i/Ext_HTA_0/inst/ap_CS_fsm_state41                                                    |                                                                                                                |                7 |             26 |
|  design_1_i/clk_wiz/inst/clk_out1 | design_1_i/Ext_HTA_0/inst/ap_CS_fsm_state34                                                    |                                                                                                                |                4 |             26 |
|  design_1_i/clk_wiz/inst/clk_out1 | design_1_i/Ext_HTA_0/inst/ap_NS_fsm[11]                                                        |                                                                                                                |                6 |             26 |
|  design_1_i/clk_wiz/inst/clk_out1 | design_1_i/Ext_HTA_0/inst/alloc_target_V_ap_ack                                                |                                                                                                                |                4 |             26 |
|  design_1_i/clk_wiz/inst/clk_out1 | design_1_i/Ext_HTA_0/inst/ap_CS_fsm_state12                                                    |                                                                                                                |                4 |             26 |
|  design_1_i/clk_wiz/inst/clk_out1 | design_1_i/acc16kmau_0/inst/ap_CS_fsm_state4                                                   |                                                                                                                |                5 |             26 |
|  design_1_i/clk_wiz/inst/clk_out1 | design_1_i/Ext_KWTA16k_0/inst/ap_CS_fsm[29]_i_1_n_0                                            |                                                                                                                |                4 |             26 |
|  design_1_i/clk_wiz/inst/clk_out1 | design_1_i/Ext_KWTA16k_0/inst/ap_CS_fsm_state26                                                |                                                                                                                |                4 |             28 |
|  design_1_i/clk_wiz/inst/clk_out1 | design_1_i/Ext_HTA_0/inst/ap_CS_fsm_state50                                                    |                                                                                                                |                5 |             28 |
|  design_1_i/clk_wiz/inst/clk_out1 | design_1_i/Ext_KWTA16k_0/inst/com_port_allocated_addr_V_ap_ack                                 |                                                                                                                |                5 |             32 |
|  design_1_i/clk_wiz/inst/clk_out1 | design_1_i/Ext_KWTA16k_0/inst/ap_CS_fsm_state5                                                 |                                                                                                                |                7 |             32 |
|  design_1_i/clk_wiz/inst/clk_out1 | design_1_i/Ext_KWTA16k_0/inst/mark_mask_V_U/Ext_KWTA16k_mark_ibs_rom_U/ce0                     |                                                                                                                |               10 |             32 |
|  design_1_i/clk_wiz/inst/clk_out1 | design_1_i/Ext_KWTA16k_0/inst/reg_15790                                                        |                                                                                                                |                4 |             32 |
|  design_1_i/clk_wiz/inst/clk_out1 | design_1_i/Ext_HTA_0/inst/ap_NS_fsm[15]                                                        |                                                                                                                |                7 |             36 |
|  design_1_i/clk_wiz/inst/clk_out1 | design_1_i/Ext_KWTA16k_0/inst/ap_CS_fsm_state31                                                |                                                                                                                |                7 |             38 |
|  design_1_i/clk_wiz/inst/clk_out1 | design_1_i/Ext_KWTA16k_0/inst/ap_CS_fsm_state6                                                 |                                                                                                                |                5 |             40 |
|  design_1_i/clk_wiz/inst/clk_out1 | design_1_i/Ext_KWTA16k_0/inst/ap_CS_fsm_state32                                                |                                                                                                                |               10 |             56 |
|  design_1_i/clk_wiz/inst/clk_out1 | design_1_i/acc16kmau_0/inst/grp_HLS_malloc_1_s_fu_99/r_fu_44_reg[1]_0                          | design_1_i/acc16kmau_0/inst/grp_HLS_malloc_1_s_fu_99/r_fu_44_reg[1]                                            |                8 |             62 |
|  design_1_i/clk_wiz/inst/clk_out1 | design_1_i/Ext_KWTA16k_0/inst/ap_CS_fsm_state4                                                 |                                                                                                                |               16 |             62 |
|  design_1_i/clk_wiz/inst/clk_out1 | design_1_i/Ext_KWTA16k_0/inst/p_Val2_32_reg_839[31]_i_1_n_0                                    |                                                                                                                |               24 |             64 |
|  design_1_i/clk_wiz/inst/clk_out1 | design_1_i/acc16kmau_0/inst/grp_HLS_free_1_s_fu_113/E[0]                                       | design_1_i/acc16kmau_0/inst/grp_HLS_free_1_s_fu_113/SR[0]                                                      |               11 |             64 |
|  design_1_i/clk_wiz/inst/clk_out1 | design_1_i/Ext_KWTA16k_0/inst/heap_tree_V_2_load_3_reg_872[31]_i_1_n_0                         |                                                                                                                |               11 |             64 |
|  design_1_i/clk_wiz/inst/clk_out1 | design_1_i/Ext_KWTA16k_0/inst/heap_tree_V_2_load_2_reg_1517[31]_i_1_n_0                        |                                                                                                                |               19 |             64 |
|  design_1_i/clk_wiz/inst/clk_out1 | design_1_i/Ext_KWTA16k_0/inst/ap_CS_fsm_state42                                                |                                                                                                                |               14 |             64 |
|  design_1_i/clk_wiz/inst/clk_out1 | design_1_i/Ext_KWTA16k_0/inst/reg_1607[31]_i_1_n_0                                             |                                                                                                                |                9 |             64 |
|  design_1_i/clk_wiz/inst/clk_out1 | design_1_i/acc16kmau_0/inst/grp_HLS_malloc_1_s_fu_99/ap_NS_fsm[2]                              |                                                                                                                |               15 |             64 |
|  design_1_i/clk_wiz/inst/clk_out1 | design_1_i/Ext_KWTA16k_0/inst/ap_CS_fsm_state17                                                |                                                                                                                |               12 |             64 |
|  design_1_i/clk_wiz/inst/clk_out1 | design_1_i/Ext_KWTA16k_0/inst/ap_CS_fsm_state28                                                |                                                                                                                |               12 |             74 |
|  design_1_i/clk_wiz/inst/clk_out1 | design_1_i/Ext_HTA_0/inst/p_03598_2_reg_771                                                    |                                                                                                                |               25 |             74 |
|  design_1_i/clk_wiz/inst/clk_out1 | design_1_i/Ext_KWTA16k_0/inst/ap_CS_fsm_state19                                                |                                                                                                                |               18 |             76 |
|  design_1_i/clk_wiz/inst/clk_out1 | design_1_i/Ext_KWTA16k_0/inst/ap_CS_fsm_state38                                                |                                                                                                                |               12 |             82 |
|  design_1_i/clk_wiz/inst/clk_out1 | design_1_i/Ext_KWTA16k_0/inst/ap_CS_fsm_state44                                                |                                                                                                                |               19 |             86 |
|  design_1_i/clk_wiz/inst/clk_out1 | design_1_i/Ext_KWTA16k_0/inst/ap_CS_fsm_state11                                                |                                                                                                                |               21 |             88 |
|  design_1_i/clk_wiz/inst/clk_out1 | design_1_i/Ext_KWTA16k_0/inst/alloc_cmd_ap_ack                                                 |                                                                                                                |               12 |             92 |
|  design_1_i/clk_wiz/inst/clk_out1 | design_1_i/acc16kmau_0/inst/ap_CS_fsm_state3                                                   |                                                                                                                |               16 |             94 |
|  design_1_i/clk_wiz/inst/clk_out1 | design_1_i/Ext_HTA_0/inst/mark_mask_V_U/Ext_HTA_mark_mask_V_rom_U/E[0]                         |                                                                                                                |               46 |            124 |
|  design_1_i/clk_wiz/inst/clk_out1 | design_1_i/Ext_HTA_0/inst/p_03598_2_reg_771                                                    | design_1_i/Ext_HTA_0/inst/p_03550_2_reg_790[63]_i_1_n_0                                                        |               27 |            126 |
|  design_1_i/clk_wiz/inst/clk_out1 | design_1_i/Ext_KWTA16k_0/inst/ap_NS_fsm[23]                                                    |                                                                                                                |               31 |            128 |
|  design_1_i/clk_wiz/inst/clk_out1 | design_1_i/Ext_HTA_0/inst/ap_CS_fsm_state65                                                    |                                                                                                                |               26 |            128 |
|  design_1_i/clk_wiz/inst/clk_out1 | design_1_i/Ext_HTA_0/inst/reg_10020                                                            |                                                                                                                |               32 |            128 |
|  design_1_i/clk_wiz/inst/clk_out1 | design_1_i/Ext_KWTA16k_0/inst/reg_15830                                                        |                                                                                                                |               21 |            128 |
|  design_1_i/clk_wiz/inst/clk_out1 | design_1_i/Ext_HTA_0/inst/buddy_tree_V_U/Ext_HTA_buddy_trebkb_ram_U/buddy_tree_V_ce1           |                                                                                                                |               14 |            128 |
|  design_1_i/clk_wiz/inst/clk_out1 | design_1_i/Ext_KWTA16k_0/inst/ap_CS_fsm_state27                                                |                                                                                                                |               21 |            128 |
|  design_1_i/clk_wiz/inst/clk_out1 | design_1_i/Ext_HTA_0/inst/buddy_tree_V_U/Ext_HTA_buddy_trebkb_ram_U/buddy_tree_V_ce0           |                                                                                                                |               16 |            128 |
|  design_1_i/clk_wiz/inst/clk_out1 | design_1_i/Ext_HTA_0/inst/ap_CS_fsm_state62                                                    |                                                                                                                |               22 |            128 |
|  design_1_i/clk_wiz/inst/clk_out1 | design_1_i/Ext_HTA_0/inst/reg_1006[63]_i_1_n_0                                                 |                                                                                                                |               20 |            128 |
|  design_1_i/clk_wiz/inst/clk_out1 | design_1_i/Ext_HTA_0/inst/reg_687[63]_i_1_n_0                                                  |                                                                                                                |               43 |            128 |
|  design_1_i/clk_wiz/inst/clk_out1 | design_1_i/Ext_HTA_0/inst/ap_CS_fsm_state32                                                    |                                                                                                                |               15 |            128 |
|  design_1_i/clk_wiz/inst/clk_out1 | design_1_i/Ext_HTA_0/inst/ap_CS_fsm_state14                                                    |                                                                                                                |               23 |            128 |
|  design_1_i/clk_wiz/inst/clk_out1 | design_1_i/Ext_HTA_0/inst/reg_9980                                                             |                                                                                                                |               22 |            128 |
|  design_1_i/clk_wiz/inst/clk_out1 | design_1_i/Ext_HTA_0/inst/rhs_V_4_reg_675[63]_i_1_n_0                                          |                                                                                                                |               26 |            128 |
|  design_1_i/clk_wiz/inst/clk_out1 | design_1_i/Ext_HTA_0/inst/storemerge1_reg_863[63]_i_1_n_0                                      |                                                                                                                |               18 |            128 |
|  design_1_i/clk_wiz/inst/clk_out1 | design_1_i/Ext_HTA_0/inst/p_6_reg_717                                                          |                                                                                                                |               18 |            146 |
|  design_1_i/clk_wiz/inst/clk_out1 | design_1_i/Ext_HTA_0/inst/ap_CS_fsm_state5                                                     |                                                                                                                |               39 |            146 |
|  design_1_i/clk_wiz/inst/clk_out1 | design_1_i/Ext_KWTA16k_0/inst/ap_CS_fsm_state25                                                |                                                                                                                |               23 |            148 |
|  design_1_i/clk_wiz/inst/clk_out1 | design_1_i/Ext_HTA_0/inst/ap_CS_fsm_state40                                                    |                                                                                                                |               35 |            150 |
|  design_1_i/clk_wiz/inst/clk_out1 | design_1_i/Ext_HTA_0/inst/t_V_reg_555                                                          |                                                                                                                |               21 |            152 |
|  design_1_i/clk_wiz/inst/clk_out1 | design_1_i/Ext_HTA_0/inst/t1_V_reg_821                                                         |                                                                                                                |               33 |            158 |
|  design_1_i/clk_wiz/inst/clk_out1 |                                                                                                | design_1_i/Ext_HTA_0/inst/ap_CS_fsm_state47                                                                    |               32 |            166 |
|  design_1_i/clk_wiz/inst/clk_out1 | design_1_i/Ext_KWTA16k_0/inst/ap_CS_fsm_state18                                                |                                                                                                                |               27 |            192 |
|  design_1_i/clk_wiz/inst/clk_out1 | design_1_i/Ext_KWTA16k_0/inst/ap_CS_fsm_state43                                                |                                                                                                                |               25 |            192 |
|  design_1_i/clk_wiz/inst/clk_out1 | design_1_i/Ext_KWTA16k_0/inst/ap_CS_fsm_state10                                                |                                                                                                                |               33 |            206 |
|  design_1_i/clk_wiz/inst/clk_out1 | design_1_i/Ext_KWTA16k_0/inst/ap_CS_fsm_state37                                                |                                                                                                                |               31 |            222 |
|  design_1_i/clk_wiz/inst/clk_out1 | design_1_i/Ext_HTA_0/inst/ap_CS_fsm_state63                                                    |                                                                                                                |               47 |            256 |
|  design_1_i/clk_wiz/inst/clk_out1 | design_1_i/Ext_HTA_0/inst/buddy_tree_V_U/Ext_HTA_buddy_trebkb_ram_U/p_0_in_0                   |                                                                                                                |               16 |            256 |
|  design_1_i/clk_wiz/inst/clk_out1 | design_1_i/Ext_HTA_0/inst/ap_CS_fsm_state64                                                    |                                                                                                                |               32 |            256 |
|  design_1_i/clk_wiz/inst/clk_out1 | design_1_i/Ext_HTA_0/inst/ap_CS_fsm_state39                                                    |                                                                                                                |               59 |            260 |
|  design_1_i/clk_wiz/inst/clk_out1 |                                                                                                | design_1_i/rst_clk_wiz_100M/U0/peripheral_reset[0]                                                             |               71 |            282 |
|  design_1_i/clk_wiz/inst/clk_out1 | design_1_i/Ext_HTA_0/inst/ap_CS_fsm_state23                                                    |                                                                                                                |               92 |            384 |
|  design_1_i/clk_wiz/inst/clk_out1 | design_1_i/Ext_HTA_0/inst/ap_CS_fsm_state28                                                    |                                                                                                                |              106 |            384 |
|  design_1_i/clk_wiz/inst/clk_out1 | design_1_i/Ext_HTA_0/inst/ap_CS_fsm_state58                                                    |                                                                                                                |               78 |            384 |
|  design_1_i/clk_wiz/inst/clk_out1 | design_1_i/Ext_KWTA16k_0/inst/ap_NS_fsm[24]                                                    |                                                                                                                |              102 |            640 |
|  design_1_i/clk_wiz/inst/clk_out1 |                                                                                                |                                                                                                                |              284 |            972 |
|  design_1_i/clk_wiz/inst/clk_out1 | design_1_i/Ext_HTA_0/inst/ap_CS_fsm_state66                                                    |                                                                                                                |              194 |           1152 |
+-----------------------------------+------------------------------------------------------------------------------------------------+----------------------------------------------------------------------------------------------------------------+------------------+----------------+


