Copyright 1986-2018 Xilinx, Inc. All Rights Reserved.
---------------------------------------------------------------------------------------------
| Tool Version : Vivado v.2018.2 (lin64) Build 2258646 Thu Jun 14 20:02:38 MDT 2018
| Date         : Tue Jul 31 00:31:52 2018
| Host         : tingyuan-OptiPlex-9010 running 64-bit Ubuntu 18.04 LTS
| Command      : report_control_sets -verbose -file design_1_wrapper_control_sets_placed.rpt
| Design       : design_1_wrapper
| Device       : xc7z020
---------------------------------------------------------------------------------------------

Control Set Information

Table of Contents
-----------------
1. Summary
2. Histogram
3. Flip-Flop Distribution
4. Detailed Control Set Information

1. Summary
----------

+----------------------------------------------------------+-------+
|                          Status                          | Count |
+----------------------------------------------------------+-------+
| Number of unique control sets                            |   137 |
| Unused register locations in slices containing registers |   212 |
+----------------------------------------------------------+-------+


2. Histogram
------------

+--------+--------------+
| Fanout | Control Sets |
+--------+--------------+
|      2 |            1 |
|      8 |           15 |
|     10 |            3 |
|     12 |            3 |
|     14 |            7 |
|    16+ |          108 |
+--------+--------------+


3. Flip-Flop Distribution
-------------------------

+--------------+-----------------------+------------------------+-----------------+--------------+
| Clock Enable | Synchronous Set/Reset | Asynchronous Set/Reset | Total Registers | Total Slices |
+--------------+-----------------------+------------------------+-----------------+--------------+
| No           | No                    | No                     |            1156 |          345 |
| No           | No                    | Yes                    |               0 |            0 |
| No           | Yes                   | No                     |             476 |          135 |
| Yes          | No                    | No                     |           10936 |         2242 |
| Yes          | No                    | Yes                    |               0 |            0 |
| Yes          | Yes                   | No                     |             468 |           94 |
+--------------+-----------------------+------------------------+-----------------+--------------+


4. Detailed Control Set Information
-----------------------------------

+-----------------------------------+-----------------------------------------------------------------------------------------------------+------------------------------------------------------------------------------------------------------+------------------+----------------+
|            Clock Signal           |                                            Enable Signal                                            |                                           Set/Reset Signal                                           | Slice Load Count | Bel Load Count |
+-----------------------------------+-----------------------------------------------------------------------------------------------------+------------------------------------------------------------------------------------------------------+------------------+----------------+
|  design_1_i/clk_wiz/inst/clk_out1 | design_1_i/Ext_HTA_0/inst/ap_CS_fsm_state4                                                          |                                                                                                      |                1 |              2 |
|  design_1_i/clk_wiz/inst/clk_out1 | design_1_i/Ext_HTA_0/inst/shift_constant_V_U/Ext_HTA_shift_coneOg_rom_U/shift_constant_V_ce0        |                                                                                                      |                1 |              8 |
|  design_1_i/clk_wiz/inst/clk_out1 | design_1_i/Ext_HTA_0/inst/ap_NS_fsm[4]                                                              |                                                                                                      |                1 |              8 |
|  design_1_i/clk_wiz/inst/clk_out1 | design_1_i/Ext_HTA_0/inst/ap_NS_fsm[31]                                                             |                                                                                                      |                1 |              8 |
|  design_1_i/clk_wiz/inst/clk_out1 | design_1_i/Ext_HTA_0/inst/t_V_reg_555                                                               | design_1_i/Ext_HTA_0/inst/reg_583[7]                                                                 |                1 |              8 |
|  design_1_i/clk_wiz/inst/clk_out1 | design_1_i/Ext_HTA_0/inst/ap_CS_fsm_state53                                                         | design_1_i/Ext_HTA_0/inst/cnt1_reg_832                                                               |                1 |              8 |
|  design_1_i/clk_wiz/inst/clk_out1 | design_1_i/Ext_KWTA32k_0/inst/ap_CS_fsm_state35                                                     | design_1_i/Ext_KWTA32k_0/inst/p_0252_0_i_reg_1444[3]_i_1_n_0                                         |                3 |              8 |
|  design_1_i/clk_wiz/inst/clk_out1 | design_1_i/Ext_HTA_0/inst/ap_CS_fsm_state19                                                         | design_1_i/Ext_HTA_0/inst/p_03622_3_reg_642                                                          |                1 |              8 |
|  design_1_i/clk_wiz/inst/clk_out1 | design_1_i/Ext_KWTA32k_0/inst/shift_constant_V_U/Ext_KWTA32k_shiftibs_rom_U/q0[4]_i_1__0_n_0        |                                                                                                      |                1 |              8 |
|  design_1_i/clk_wiz/inst/clk_out1 | design_1_i/Ext_KWTA32k_0/inst/ap_CS_fsm_state34                                                     | design_1_i/Ext_KWTA32k_0/inst/group_tree_mask_V_U/Ext_KWTA32k_grouphbi_rom_U/r_V_32_reg_4590_reg[5]  |                3 |              8 |
|  design_1_i/clk_wiz/inst/clk_out1 | design_1_i/Ext_KWTA32k_0/inst/layer0_V_reg_755[3]_i_2_n_0                                           | design_1_i/Ext_KWTA32k_0/inst/layer0_V_reg_755[3]_i_1_n_0                                            |                2 |              8 |
|  design_1_i/clk_wiz/inst/clk_out1 | design_1_i/Ext_KWTA32k_0/inst/ap_CS_fsm_state32                                                     | design_1_i/Ext_KWTA32k_0/inst/p_0102_0_i_reg_1314[3]_i_1_n_0                                         |                3 |              8 |
|  design_1_i/clk_wiz/inst/clk_out1 |                                                                                                     | design_1_i/rst_clk_wiz_100M/U0/EXT_LPF/lpf_int                                                       |                2 |              8 |
|  design_1_i/clk_wiz/inst/clk_out1 | design_1_i/Ext_KWTA32k_0/inst/ap_CS_fsm_state29                                                     | design_1_i/Ext_KWTA32k_0/inst/p_0244_0_i1_reg_1185[3]_i_1_n_0                                        |                4 |              8 |
|  design_1_i/clk_wiz/inst/clk_out1 | design_1_i/Ext_KWTA32k_0/inst/ap_CS_fsm_state29                                                     | design_1_i/Ext_KWTA32k_0/inst/p_0248_0_i1_cast_reg_4484[3]_i_1_n_0                                   |                3 |              8 |
|  design_1_i/clk_wiz/inst/clk_out1 | design_1_i/Ext_KWTA32k_0/inst/ap_CS_fsm_state29                                                     | design_1_i/Ext_KWTA32k_0/inst/p_0252_0_i1_reg_1071[0]_i_1_n_0                                        |                4 |              8 |
|  design_1_i/clk_wiz/inst/clk_out1 | design_1_i/Ext_KWTA32k_0/inst/reg_17070                                                             |                                                                                                      |                2 |             10 |
|  design_1_i/clk_wiz/inst/clk_out1 | design_1_i/Ext_KWTA32k_0/inst/ap_CS_fsm_state5                                                      | design_1_i/Ext_KWTA32k_0/inst/r_V_10_reg_4180[6]_i_1_n_0                                             |                3 |             10 |
|  design_1_i/clk_wiz/inst/clk_out1 | design_1_i/Ext_HTA_0/inst/ap_CS_fsm_state61                                                         |                                                                                                      |                5 |             10 |
|  design_1_i/clk_wiz/inst/clk_out1 | design_1_i/rst_clk_wiz_100M/U0/SEQ/seq_cnt_en                                                       | design_1_i/rst_clk_wiz_100M/U0/SEQ/SEQ_COUNTER/clear                                                 |                1 |             12 |
|  design_1_i/clk_wiz/inst/clk_out1 | design_1_i/Ext_KWTA32k_0/inst/arrayNo1_reg_43490                                                    |                                                                                                      |                3 |             12 |
|  design_1_i/clk_wiz/inst/clk_out1 | design_1_i/Ext_KWTA32k_0/inst/extra_mask_V_U/Ext_KWTA32k_extrakbM_rom_U/E[0]                        |                                                                                                      |                3 |             12 |
|  design_1_i/clk_wiz/inst/clk_out1 | design_1_i/Ext_KWTA32k_0/inst/reg_17650                                                             |                                                                                                      |                2 |             14 |
|  design_1_i/clk_wiz/inst/clk_out1 | design_1_i/Ext_HTA_0/inst/alloc_cmd_ap_ack                                                          |                                                                                                      |                3 |             14 |
|  design_1_i/clk_wiz/inst/clk_out1 | design_1_i/Ext_HTA_0/inst/ap_CS_fsm_state45                                                         | design_1_i/Ext_HTA_0/inst/ap_CS_fsm_state37                                                          |                4 |             14 |
|  design_1_i/clk_wiz/inst/clk_out1 | design_1_i/Ext_HTA_0/inst/ap_CS_fsm_state13                                                         |                                                                                                      |                3 |             14 |
|  design_1_i/clk_wiz/inst/clk_out1 | design_1_i/Ext_HTA_0/inst/ap_CS_fsm[60]_i_1_n_0                                                     |                                                                                                      |                4 |             14 |
|  design_1_i/clk_wiz/inst/clk_out1 | design_1_i/Ext_HTA_0/inst/ap_CS_fsm_state54                                                         |                                                                                                      |                3 |             14 |
|  design_1_i/clk_wiz/inst/clk_out1 | design_1_i/Ext_KWTA32k_0/inst/maintain_mask_V_U/Ext_KWTA32k_maintbkb_rom_U/maintain_mask_V_ce0      |                                                                                                      |                1 |             14 |
|  design_1_i/clk_wiz/inst/clk_out1 | design_1_i/Ext_HTA_0/inst/ap_NS_fsm[18]                                                             |                                                                                                      |                1 |             16 |
|  design_1_i/clk_wiz/inst/clk_out1 | design_1_i/Ext_KWTA32k_0/inst/ap_CS_fsm_state34                                                     | design_1_i/Ext_KWTA32k_0/inst/group_tree_mask_V_U/Ext_KWTA32k_grouphbi_rom_U/r_V_32_reg_4590_reg[13] |                3 |             16 |
|  design_1_i/clk_wiz/inst/clk_out1 | design_1_i/Ext_HTA_0/inst/reg_583[7]_i_2_n_0                                                        | design_1_i/Ext_HTA_0/inst/reg_583[7]                                                                 |                4 |             16 |
|  design_1_i/clk_wiz/inst/clk_out1 | design_1_i/Ext_HTA_0/inst/now2_V_reg_28100                                                          |                                                                                                      |                2 |             16 |
|  design_1_i/clk_wiz/inst/clk_out1 | design_1_i/Ext_HTA_0/inst/ap_NS_fsm121_out                                                          | design_1_i/Ext_HTA_0/inst/ap_NS_fsm123_out                                                           |                2 |             16 |
|  design_1_i/clk_wiz/inst/clk_out1 | design_1_i/Ext_HTA_0/inst/buddy_tree_V_U/Ext_HTA_buddy_trebkb_ram_U/ap_CS_fsm_reg[54]               |                                                                                                      |                2 |             16 |
|  design_1_i/clk_wiz/inst/clk_out1 | design_1_i/Ext_HTA_0/inst/ap_NS_fsm[52]                                                             |                                                                                                      |                2 |             16 |
|  design_1_i/clk_wiz/inst/clk_out1 | design_1_i/Ext_HTA_0/inst/buddy_tree_V_U/Ext_HTA_buddy_trebkb_ram_U/ap_NS_fsm330_out                |                                                                                                      |                2 |             18 |
|  design_1_i/clk_wiz/inst/clk_out1 | design_1_i/Ext_HTA_0/inst/p_0_in18_in                                                               |                                                                                                      |                3 |             18 |
|  design_1_i/clk_wiz/inst/clk_out1 | design_1_i/Ext_HTA_0/inst/ap_NS_fsm[17]                                                             |                                                                                                      |                4 |             20 |
|  design_1_i/clk_wiz/inst/clk_out1 | design_1_i/Ext_KWTA32k_0/inst/ap_NS_fsm[7]                                                          | design_1_i/Ext_KWTA32k_0/inst/p_02466_0_in_in_reg_830[6]                                             |                2 |             20 |
|  design_1_i/clk_wiz/inst/clk_out1 | design_1_i/Ext_HTA_0/inst/ap_NS_fsm147_out                                                          |                                                                                                      |                5 |             22 |
|  design_1_i/clk_wiz/inst/clk_out1 | design_1_i/Ext_KWTA32k_0/inst/ap_NS_fsm[7]                                                          |                                                                                                      |                5 |             22 |
|  design_1_i/clk_wiz/inst/clk_out1 | design_1_i/Ext_HTA_0/inst/ap_CS_fsm_state27                                                         |                                                                                                      |                5 |             22 |
|  design_1_i/clk_wiz/inst/clk_out1 | design_1_i/Ext_KWTA32k_0/inst/ap_CS_fsm_state9                                                      |                                                                                                      |                7 |             22 |
|  design_1_i/clk_wiz/inst/clk_out1 | design_1_i/Ext_HTA_0/inst/ap_NS_fsm[53]                                                             |                                                                                                      |                4 |             22 |
|  design_1_i/clk_wiz/inst/clk_out1 | design_1_i/Ext_KWTA32k_0/inst/ap_NS_fsm1123_out                                                     |                                                                                                      |                5 |             22 |
|  design_1_i/clk_wiz/inst/clk_out1 | design_1_i/Ext_KWTA32k_0/inst/ap_reg_ioackin_alloc_addr_ap_ack2120_out                              |                                                                                                      |                2 |             22 |
|  design_1_i/clk_wiz/inst/clk_out1 | design_1_i/Ext_KWTA32k_0/inst/phitmp2_reg_4102[10]_i_1_n_0                                          |                                                                                                      |                4 |             22 |
|  design_1_i/clk_wiz/inst/clk_out1 | design_1_i/Ext_KWTA32k_0/inst/reg_17110                                                             |                                                                                                      |                4 |             22 |
|  design_1_i/clk_wiz/inst/clk_out1 | design_1_i/Ext_HTA_0/inst/buddy_tree_V_U/Ext_HTA_buddy_trebkb_ram_U/ap_CS_fsm_reg[8][0]             |                                                                                                      |                3 |             22 |
|  design_1_i/clk_wiz/inst/clk_out1 | design_1_i/Ext_HTA_0/inst/ap_CS_fsm_state38                                                         |                                                                                                      |                3 |             24 |
|  design_1_i/clk_wiz/inst/clk_out1 | design_1_i/Ext_HTA_0/inst/ap_CS_fsm_state10                                                         |                                                                                                      |                5 |             24 |
|  design_1_i/clk_wiz/inst/clk_out1 | design_1_i/Ext_KWTA32k_0/inst/group_tree_mask_V_U/Ext_KWTA32k_grouphbi_rom_U/E[0]                   |                                                                                                      |                5 |             24 |
|  design_1_i/clk_wiz/inst/clk_out1 | design_1_i/Ext_HTA_0/inst/loc1_V_s_reg_27570                                                        |                                                                                                      |                4 |             24 |
|  design_1_i/clk_wiz/inst/clk_out1 | design_1_i/acc32kmau_0/inst/ap_CS_fsm_state4                                                        |                                                                                                      |                4 |             24 |
|  design_1_i/clk_wiz/inst/clk_out1 | design_1_i/Ext_HTA_0/inst/ap_CS_fsm_state52                                                         |                                                                                                      |                6 |             24 |
|  design_1_i/clk_wiz/inst/clk_out1 | design_1_i/Ext_KWTA32k_0/inst/group_tree_mask_V_U/Ext_KWTA32k_grouphbi_rom_U/D[0]                   |                                                                                                      |                6 |             26 |
|  design_1_i/clk_wiz/inst/clk_out1 | design_1_i/Ext_HTA_0/inst/ap_CS_fsm_state12                                                         |                                                                                                      |                4 |             26 |
|  design_1_i/clk_wiz/inst/clk_out1 | design_1_i/Ext_HTA_0/inst/ap_NS_fsm[11]                                                             |                                                                                                      |                7 |             26 |
|  design_1_i/clk_wiz/inst/clk_out1 | design_1_i/Ext_HTA_0/inst/alloc_target_V_ap_ack                                                     |                                                                                                      |                3 |             26 |
|  design_1_i/clk_wiz/inst/clk_out1 | design_1_i/Ext_HTA_0/inst/ap_CS_fsm_state34                                                         |                                                                                                      |                6 |             26 |
|  design_1_i/clk_wiz/inst/clk_out1 | design_1_i/Ext_HTA_0/inst/ap_CS_fsm_state41                                                         |                                                                                                      |                9 |             26 |
|  design_1_i/clk_wiz/inst/clk_out1 | design_1_i/Ext_KWTA32k_0/inst/ap_CS_fsm_state30                                                     |                                                                                                      |                4 |             28 |
|  design_1_i/clk_wiz/inst/clk_out1 | design_1_i/Ext_HTA_0/inst/ap_CS_fsm_state50                                                         |                                                                                                      |                9 |             28 |
|  design_1_i/clk_wiz/inst/clk_out1 | design_1_i/Ext_KWTA32k_0/inst/com_port_allocated_addr_V_ap_ack                                      |                                                                                                      |                6 |             32 |
|  design_1_i/clk_wiz/inst/clk_out1 | design_1_i/Ext_KWTA32k_0/inst/ap_CS_fsm_state34                                                     | design_1_i/Ext_KWTA32k_0/inst/group_tree_mask_V_U/Ext_KWTA32k_grouphbi_rom_U/r_V_32_reg_4590_reg[29] |                6 |             32 |
|  design_1_i/clk_wiz/inst/clk_out1 | design_1_i/Ext_KWTA32k_0/inst/ap_CS_fsm_state5                                                      |                                                                                                      |                9 |             32 |
|  design_1_i/clk_wiz/inst/clk_out1 | design_1_i/Ext_KWTA32k_0/inst/ap_CS_fsm_state35                                                     |                                                                                                      |               10 |             36 |
|  design_1_i/clk_wiz/inst/clk_out1 | design_1_i/Ext_HTA_0/inst/ap_NS_fsm[15]                                                             |                                                                                                      |                7 |             36 |
|  design_1_i/clk_wiz/inst/clk_out1 | design_1_i/Ext_KWTA32k_0/inst/ap_CS_fsm_state36                                                     |                                                                                                      |               10 |             56 |
|  design_1_i/clk_wiz/inst/clk_out1 | design_1_i/acc32kmau_0/inst/grp_HLS_malloc_1_s_fu_99/r_fu_44_reg[1]                                 | design_1_i/acc32kmau_0/inst/grp_HLS_malloc_1_s_fu_99/r_fu_44_reg[31]_0                               |               10 |             62 |
|  design_1_i/clk_wiz/inst/clk_out1 | design_1_i/Ext_KWTA32k_0/inst/ap_CS_fsm_state50                                                     |                                                                                                      |               12 |             64 |
|  design_1_i/clk_wiz/inst/clk_out1 | design_1_i/Ext_KWTA32k_0/inst/ap_CS_fsm_state46                                                     |                                                                                                      |               11 |             64 |
|  design_1_i/clk_wiz/inst/clk_out1 | design_1_i/acc32kmau_0/inst/grp_HLS_free_1_s_fu_113/E[0]                                            | design_1_i/acc32kmau_0/inst/grp_HLS_free_1_s_fu_113/i_reg_87                                         |                9 |             64 |
|  design_1_i/clk_wiz/inst/clk_out1 | design_1_i/Ext_KWTA32k_0/inst/reg_1761[31]_i_1_n_0                                                  |                                                                                                      |               14 |             64 |
|  design_1_i/clk_wiz/inst/clk_out1 | design_1_i/Ext_KWTA32k_0/inst/p_Val2_41_reg_917[31]_i_1_n_0                                         |                                                                                                      |               22 |             64 |
|  design_1_i/clk_wiz/inst/clk_out1 | design_1_i/acc32kmau_0/inst/grp_HLS_malloc_1_s_fu_99/grp_HLS_malloc_1_s_fu_99_allocator_addr_ap_ack |                                                                                                      |               17 |             64 |
|  design_1_i/clk_wiz/inst/clk_out1 | design_1_i/Ext_KWTA32k_0/inst/heap_tree_V_3_load_6_reg_995[31]_i_1_n_0                              |                                                                                                      |               16 |             64 |
|  design_1_i/clk_wiz/inst/clk_out1 | design_1_i/Ext_KWTA32k_0/inst/heap_tree_V_3_load_5_reg_1654[31]_i_1_n_0                             |                                                                                                      |               16 |             64 |
|  design_1_i/clk_wiz/inst/clk_out1 | design_1_i/Ext_KWTA32k_0/inst/ap_CS_fsm_state19                                                     |                                                                                                      |               12 |             64 |
|  design_1_i/clk_wiz/inst/clk_out1 | design_1_i/Ext_KWTA32k_0/inst/mark_mask_V_U/Ext_KWTA32k_mark_jbC_rom_U/mark_mask_V_ce0              |                                                                                                      |               23 |             64 |
|  design_1_i/clk_wiz/inst/clk_out1 | design_1_i/Ext_KWTA32k_0/inst/ap_CS_fsm_state23                                                     |                                                                                                      |               19 |             64 |
|  design_1_i/clk_wiz/inst/clk_out1 | design_1_i/Ext_KWTA32k_0/inst/heap_tree_V_2_load_8_reg_1552[31]_i_1_n_0                             |                                                                                                      |               22 |             64 |
|  design_1_i/clk_wiz/inst/clk_out1 | design_1_i/Ext_KWTA32k_0/inst/ap_CS_fsm_state13                                                     |                                                                                                      |               17 |             64 |
|  design_1_i/clk_wiz/inst/clk_out1 | design_1_i/Ext_KWTA32k_0/inst/ap_CS_fsm_state42                                                     |                                                                                                      |               12 |             66 |
|  design_1_i/clk_wiz/inst/clk_out1 | design_1_i/Ext_KWTA32k_0/inst/ap_CS_fsm_state4                                                      |                                                                                                      |               15 |             70 |
|  design_1_i/clk_wiz/inst/clk_out1 | design_1_i/Ext_KWTA32k_0/inst/ap_CS_fsm_state34                                                     |                                                                                                      |               11 |             72 |
|  design_1_i/clk_wiz/inst/clk_out1 | design_1_i/Ext_KWTA32k_0/inst/ap_CS_fsm_state6                                                      |                                                                                                      |               18 |             72 |
|  design_1_i/clk_wiz/inst/clk_out1 | design_1_i/Ext_HTA_0/inst/p_03598_2_reg_771                                                         |                                                                                                      |               26 |             74 |
|  design_1_i/clk_wiz/inst/clk_out1 | design_1_i/Ext_KWTA32k_0/inst/ap_CS_fsm_state32                                                     |                                                                                                      |               11 |             74 |
|  design_1_i/clk_wiz/inst/clk_out1 | design_1_i/Ext_KWTA32k_0/inst/ap_CS_fsm_state21                                                     |                                                                                                      |               23 |             78 |
|  design_1_i/clk_wiz/inst/clk_out1 | design_1_i/Ext_KWTA32k_0/inst/ap_CS_fsm_state48                                                     |                                                                                                      |               17 |             96 |
|  design_1_i/clk_wiz/inst/clk_out1 | design_1_i/acc32kmau_0/inst/ap_CS_fsm_state3                                                        |                                                                                                      |               16 |             96 |
|  design_1_i/clk_wiz/inst/clk_out1 | design_1_i/Ext_KWTA32k_0/inst/alloc_cmd_ap_ack                                                      |                                                                                                      |               19 |             96 |
|  design_1_i/clk_wiz/inst/clk_out1 | design_1_i/Ext_KWTA32k_0/inst/ap_CS_fsm_state11                                                     |                                                                                                      |               18 |             98 |
|  design_1_i/clk_wiz/inst/clk_out1 | design_1_i/Ext_HTA_0/inst/mark_mask_V_U/Ext_HTA_mark_mask_V_rom_U/E[0]                              |                                                                                                      |               42 |            124 |
|  design_1_i/clk_wiz/inst/clk_out1 | design_1_i/Ext_HTA_0/inst/p_03598_2_reg_771                                                         | design_1_i/Ext_HTA_0/inst/p_03550_2_reg_790[63]_i_1_n_0                                              |               25 |            126 |
|  design_1_i/clk_wiz/inst/clk_out1 | design_1_i/Ext_HTA_0/inst/ap_CS_fsm_state14                                                         |                                                                                                      |               25 |            128 |
|  design_1_i/clk_wiz/inst/clk_out1 | design_1_i/Ext_HTA_0/inst/ap_CS_fsm_state65                                                         |                                                                                                      |               36 |            128 |
|  design_1_i/clk_wiz/inst/clk_out1 | design_1_i/Ext_HTA_0/inst/storemerge1_reg_863[63]_i_1_n_0                                           |                                                                                                      |               11 |            128 |
|  design_1_i/clk_wiz/inst/clk_out1 | design_1_i/Ext_HTA_0/inst/rhs_V_4_reg_675[63]_i_1_n_0                                               |                                                                                                      |               32 |            128 |
|  design_1_i/clk_wiz/inst/clk_out1 | design_1_i/Ext_HTA_0/inst/reg_9980                                                                  |                                                                                                      |               26 |            128 |
|  design_1_i/clk_wiz/inst/clk_out1 | design_1_i/Ext_HTA_0/inst/reg_687[63]_i_1_n_0                                                       |                                                                                                      |               37 |            128 |
|  design_1_i/clk_wiz/inst/clk_out1 | design_1_i/Ext_HTA_0/inst/ap_CS_fsm_state62                                                         |                                                                                                      |               33 |            128 |
|  design_1_i/clk_wiz/inst/clk_out1 | design_1_i/Ext_HTA_0/inst/reg_1006[63]_i_1_n_0                                                      |                                                                                                      |               33 |            128 |
|  design_1_i/clk_wiz/inst/clk_out1 | design_1_i/Ext_HTA_0/inst/ap_CS_fsm_state32                                                         |                                                                                                      |               14 |            128 |
|  design_1_i/clk_wiz/inst/clk_out1 | design_1_i/Ext_KWTA32k_0/inst/ap_CS_fsm_state31                                                     |                                                                                                      |               18 |            128 |
|  design_1_i/clk_wiz/inst/clk_out1 | design_1_i/Ext_HTA_0/inst/reg_10020                                                                 |                                                                                                      |               40 |            128 |
|  design_1_i/clk_wiz/inst/clk_out1 | design_1_i/Ext_KWTA32k_0/inst/heap_tree_V_3_load_2_reg_1627[31]_i_1_n_0                             |                                                                                                      |               13 |            128 |
|  design_1_i/clk_wiz/inst/clk_out1 | design_1_i/Ext_KWTA32k_0/inst/heap_tree_V_3_load_3_reg_968[31]_i_1_n_0                              |                                                                                                      |               19 |            128 |
|  design_1_i/clk_wiz/inst/clk_out1 | design_1_i/Ext_KWTA32k_0/inst/heap_tree_V_3_load_7_reg_890[31]_i_1_n_0                              |                                                                                                      |               17 |            128 |
|  design_1_i/clk_wiz/inst/clk_out1 | design_1_i/Ext_KWTA32k_0/inst/ap_NS_fsm[27]                                                         |                                                                                                      |               40 |            128 |
|  design_1_i/clk_wiz/inst/clk_out1 | design_1_i/Ext_HTA_0/inst/buddy_tree_V_U/Ext_HTA_buddy_trebkb_ram_U/buddy_tree_V_ce1                |                                                                                                      |               23 |            128 |
|  design_1_i/clk_wiz/inst/clk_out1 | design_1_i/Ext_HTA_0/inst/buddy_tree_V_U/Ext_HTA_buddy_trebkb_ram_U/buddy_tree_V_ce0                |                                                                                                      |               16 |            128 |
|  design_1_i/clk_wiz/inst/clk_out1 | design_1_i/Ext_HTA_0/inst/p_6_reg_717                                                               |                                                                                                      |               20 |            146 |
|  design_1_i/clk_wiz/inst/clk_out1 | design_1_i/Ext_HTA_0/inst/ap_CS_fsm_state5                                                          |                                                                                                      |               40 |            146 |
|  design_1_i/clk_wiz/inst/clk_out1 | design_1_i/Ext_KWTA32k_0/inst/ap_CS_fsm_state29                                                     |                                                                                                      |               29 |            148 |
|  design_1_i/clk_wiz/inst/clk_out1 | design_1_i/Ext_HTA_0/inst/ap_CS_fsm_state40                                                         |                                                                                                      |               35 |            150 |
|  design_1_i/clk_wiz/inst/clk_out1 | design_1_i/Ext_HTA_0/inst/t_V_reg_555                                                               |                                                                                                      |               26 |            152 |
|  design_1_i/clk_wiz/inst/clk_out1 | design_1_i/Ext_HTA_0/inst/t1_V_reg_821                                                              |                                                                                                      |               40 |            158 |
|  design_1_i/clk_wiz/inst/clk_out1 |                                                                                                     | design_1_i/Ext_HTA_0/inst/ap_CS_fsm_state47                                                          |               39 |            166 |
|  design_1_i/clk_wiz/inst/clk_out1 | design_1_i/Ext_KWTA32k_0/inst/reg_17160                                                             |                                                                                                      |               33 |            192 |
|  design_1_i/clk_wiz/inst/clk_out1 | design_1_i/Ext_KWTA32k_0/inst/ap_CS_fsm_state41                                                     |                                                                                                      |               34 |            208 |
|  design_1_i/clk_wiz/inst/clk_out1 | design_1_i/Ext_HTA_0/inst/ap_CS_fsm_state63                                                         |                                                                                                      |               58 |            256 |
|  design_1_i/clk_wiz/inst/clk_out1 | design_1_i/Ext_HTA_0/inst/ap_CS_fsm_state64                                                         |                                                                                                      |               56 |            256 |
|  design_1_i/clk_wiz/inst/clk_out1 | design_1_i/Ext_KWTA32k_0/inst/ap_CS_fsm_state47                                                     |                                                                                                      |               38 |            256 |
|  design_1_i/clk_wiz/inst/clk_out1 | design_1_i/Ext_KWTA32k_0/inst/ap_CS_fsm_state20                                                     |                                                                                                      |               46 |            256 |
|  design_1_i/clk_wiz/inst/clk_out1 | design_1_i/Ext_HTA_0/inst/buddy_tree_V_U/Ext_HTA_buddy_trebkb_ram_U/p_0_in_0                        |                                                                                                      |               16 |            256 |
|  design_1_i/clk_wiz/inst/clk_out1 | design_1_i/Ext_HTA_0/inst/ap_CS_fsm_state39                                                         |                                                                                                      |               58 |            260 |
|  design_1_i/clk_wiz/inst/clk_out1 | design_1_i/Ext_KWTA32k_0/inst/ap_CS_fsm_state10                                                     |                                                                                                      |               34 |            270 |
|  design_1_i/clk_wiz/inst/clk_out1 |                                                                                                     | design_1_i/rst_clk_wiz_100M/U0/peripheral_reset[0]                                                   |               94 |            302 |
|  design_1_i/clk_wiz/inst/clk_out1 | design_1_i/Ext_HTA_0/inst/ap_CS_fsm_state23                                                         |                                                                                                      |               97 |            384 |
|  design_1_i/clk_wiz/inst/clk_out1 | design_1_i/Ext_HTA_0/inst/ap_CS_fsm_state58                                                         |                                                                                                      |               85 |            384 |
|  design_1_i/clk_wiz/inst/clk_out1 | design_1_i/Ext_HTA_0/inst/ap_CS_fsm_state28                                                         |                                                                                                      |              115 |            384 |
|  design_1_i/clk_wiz/inst/clk_out1 | design_1_i/Ext_KWTA32k_0/inst/ap_NS_fsm[28]                                                         |                                                                                                      |              124 |            768 |
|  design_1_i/clk_wiz/inst/clk_out1 | design_1_i/Ext_HTA_0/inst/ap_CS_fsm_state66                                                         |                                                                                                      |              201 |           1152 |
|  design_1_i/clk_wiz/inst/clk_out1 |                                                                                                     |                                                                                                      |              346 |           1158 |
+-----------------------------------+-----------------------------------------------------------------------------------------------------+------------------------------------------------------------------------------------------------------+------------------+----------------+


