#-----------------------------------------------------------
# Webtalk v2018.2 (64-bit)
# SW Build 2258646 on Thu Jun 14 20:02:38 MDT 2018
# IP Build 2256618 on Thu Jun 14 22:10:49 MDT 2018
# Start of session at: Sat Jul 28 19:53:56 2018
# Process ID: 24855
# Current directory: /home/tingyuan/Temporary/vivado-outputs/Algorithm_MAXHEAP_HTA/Algorithm_MAXHEAP_HTA.sim/sim_1/impl/timing/xsim
# Command line: wbtcv -mode batch -source /home/tingyuan/Temporary/vivado-outputs/Algorithm_MAXHEAP_HTA/Algorithm_MAXHEAP_HTA.sim/sim_1/impl/timing/xsim/xsim.dir/design_1_wrapper_time_impl/webtalk/xsim_webtalk.tcl -notrace
# Log file: /home/tingyuan/Temporary/vivado-outputs/Algorithm_MAXHEAP_HTA/Algorithm_MAXHEAP_HTA.sim/sim_1/impl/timing/xsim/webtalk.log
# Journal file: /home/tingyuan/Temporary/vivado-outputs/Algorithm_MAXHEAP_HTA/Algorithm_MAXHEAP_HTA.sim/sim_1/impl/timing/xsim/webtalk.jou
#-----------------------------------------------------------
source /home/tingyuan/Temporary/vivado-outputs/Algorithm_MAXHEAP_HTA/Algorithm_MAXHEAP_HTA.sim/sim_1/impl/timing/xsim/xsim.dir/design_1_wrapper_time_impl/webtalk/xsim_webtalk.tcl -notrace
