

================================================================
== Vivado HLS Report for 'Ext_KWTA64k'
================================================================
* Date:           Mon Jul 30 22:00:35 2018

* Version:        2018.2 (Build 2258646 on Thu Jun 14 20:25:20 MDT 2018)
* Project:        Ext_KWTA64k_0
* Solution:       solution1
* Product family: zynq
* Target device:  xc7z020clg484-1


================================================================
== Performance Estimates
================================================================
+ Timing (ns): 
    * Summary: 
    +--------+-------+----------+------------+
    |  Clock | Target| Estimated| Uncertainty|
    +--------+-------+----------+------------+
    |ap_clk  |  10.00|     8.704|        1.25|
    +--------+-------+----------+------------+

+ Latency (clock cycles): 
    * Summary: 
    +-----+-----+-----+-----+---------+
    |  Latency  |  Interval | Pipeline|
    | min | max | min | max |   Type  |
    +-----+-----+-----+-----+---------+
    |    ?|    ?|    ?|    ?|   none  |
    +-----+-----+-----+-----+---------+

    + Detail: 
        * Instance: 
        N/A

        * Loop: 
        +----------+-----+-----+----------+-----------+-----------+------+----------+
        |          |  Latency  | Iteration|  Initiation Interval  | Trip |          |
        | Loop Name| min | max |  Latency |  achieved |   target  | Count| Pipelined|
        +----------+-----+-----+----------+-----------+-----------+------+----------+
        |- Loop 1  |    ?|    ?|         1|          1|          1|     ?|    yes   |
        +----------+-----+-----+----------+-----------+-----------+------+----------+



================================================================
== Utilization Estimates
================================================================
* Summary: 
+-----------------+---------+-------+--------+-------+
|       Name      | BRAM_18K| DSP48E|   FF   |  LUT  |
+-----------------+---------+-------+--------+-------+
|DSP              |        -|      -|       -|      -|
|Expression       |        -|      -|       0|   6385|
|FIFO             |        -|      -|       -|      -|
|Instance         |        -|      -|       0|    135|
|Memory           |       15|      -|      74|      9|
|Multiplexer      |        -|      -|       -|   2943|
|Register         |        -|      -|    4400|      -|
+-----------------+---------+-------+--------+-------+
|Total            |       15|      0|    4474|   9472|
+-----------------+---------+-------+--------+-------+
|Available        |      280|    220|  106400|  53200|
+-----------------+---------+-------+--------+-------+
|Utilization (%)  |        5|      0|       4|     17|
+-----------------+---------+-------+--------+-------+

+ Detail: 
    * Instance: 
    +-------------------------+----------------------+---------+-------+---+----+
    |         Instance        |        Module        | BRAM_18K| DSP48E| FF| LUT|
    +-------------------------+----------------------+---------+-------+---+----+
    |Ext_KWTA64k_mux_5mb6_U1  |Ext_KWTA64k_mux_5mb6  |        0|      0|  0|  27|
    |Ext_KWTA64k_mux_5mb6_U3  |Ext_KWTA64k_mux_5mb6  |        0|      0|  0|  27|
    |Ext_KWTA64k_mux_5mb6_U5  |Ext_KWTA64k_mux_5mb6  |        0|      0|  0|  27|
    |Ext_KWTA64k_mux_5ncg_U2  |Ext_KWTA64k_mux_5ncg  |        0|      0|  0|  27|
    |Ext_KWTA64k_mux_5ocq_U4  |Ext_KWTA64k_mux_5ocq  |        0|      0|  0|  27|
    +-------------------------+----------------------+---------+-------+---+----+
    |Total                    |                      |        0|      0|  0| 135|
    +-------------------------+----------------------+---------+-------+---+----+

    * DSP48: 
    N/A

    * Memory: 
    +---------------------+----------------------+---------+----+----+------+-----+------+-------------+
    |        Memory       |        Module        | BRAM_18K| FF | LUT| Words| Bits| Banks| W*Bits*Banks|
    +---------------------+----------------------+---------+----+----+------+-----+------+-------------+
    |extra_mask_V_U       |Ext_KWTA64k_extralbW  |        0|   5|   1|     5|    5|     1|           25|
    |group_tree_V_U       |Ext_KWTA64k_grouphbi  |        8|   0|   0|  2048|   64|     1|       131072|
    |group_tree_mask_V_U  |Ext_KWTA64k_groupibs  |        0|  31|   3|     5|   31|     1|          155|
    |heap_tree_V_0_U      |Ext_KWTA64k_heap_cud  |        1|   0|   0|    64|   32|     1|         2048|
    |heap_tree_V_1_U      |Ext_KWTA64k_heap_cud  |        1|   0|   0|    64|   32|     1|         2048|
    |heap_tree_V_2_U      |Ext_KWTA64k_heap_cud  |        1|   0|   0|    64|   32|     1|         2048|
    |heap_tree_V_3_U      |Ext_KWTA64k_heap_cud  |        1|   0|   0|    64|   32|     1|         2048|
    |heap_tree_V_4_U      |Ext_KWTA64k_heap_cud  |        1|   0|   0|    64|   32|     1|         2048|
    |maintain_mask_V_U    |Ext_KWTA64k_maintbkb  |        0|  33|   4|     7|   33|     1|          231|
    |mark_mask_V_U        |Ext_KWTA64k_mark_kbM  |        2|   0|   0|   128|   62|     1|         7936|
    |shift_constant_V_U   |Ext_KWTA64k_shiftjbC  |        0|   5|   1|     5|    5|     1|           25|
    +---------------------+----------------------+---------+----+----+------+-----+------+-------------+
    |Total                |                      |       15|  74|   9|  2518|  360|    11|       149684|
    +---------------------+----------------------+---------+----+----+------+-----+------+-------------+

    * FIFO: 
    N/A

    * Expression: 
    +----------------------------------+----------+-------+---+-----+------------+------------+
    |           Variable Name          | Operation| DSP48E| FF| LUT | Bitwidth P0| Bitwidth P1|
    +----------------------------------+----------+-------+---+-----+------------+------------+
    |grp_fu_2249_p2                    |     +    |      0|  0|   15|           5|           5|
    |layer_offset_V_fu_3887_p2         |     +    |      0|  0|   12|          12|          12|
    |loc_in_group_tree_V_3_fu_2656_p2  |     +    |      0|  0|   15|           6|           6|
    |loc_in_group_tree_V_fu_2817_p2    |     +    |      0|  0|   23|          16|           2|
    |now1_V_1_fu_2857_p2               |     +    |      0|  0|   13|           4|           2|
    |now1_V_fu_2776_p2                 |     +    |      0|  0|   13|           3|           4|
    |r_V_13_fu_2697_p2                 |     +    |      0|  0|   15|           6|           7|
    |r_V_16_fu_3417_p2                 |     +    |      0|  0|   13|          11|           7|
    |r_V_20_fu_2970_p2                 |     +    |      0|  0|   12|           7|          12|
    |r_V_21_fu_3505_p2                 |     +    |      0|  0|   13|          11|           8|
    |r_V_22_fu_3079_p2                 |     +    |      0|  0|   12|           8|          12|
    |r_V_23_fu_3553_p2                 |     +    |      0|  0|   13|          11|           8|
    |r_V_24_fu_3147_p2                 |     +    |      0|  0|   12|           8|          12|
    |r_V_28_fu_4182_p2                 |     +    |      0|  0|   24|          17|          17|
    |r_V_33_fu_4470_p2                 |     +    |      0|  0|   15|           8|           7|
    |r_V_34_fu_4541_p2                 |     +    |      0|  0|   15|           9|           8|
    |r_V_35_fu_4628_p2                 |     +    |      0|  0|   15|           9|           8|
    |r_V_7_fu_4936_p2                  |     +    |      0|  0|   13|          11|           7|
    |r_V_8_fu_5024_p2                  |     +    |      0|  0|   13|          11|           8|
    |r_V_9_fu_5072_p2                  |     +    |      0|  0|   13|          11|           8|
    |tmp76_fu_3822_p2                  |     +    |      0|  0|   15|           7|           7|
    |tmp77_fu_3830_p2                  |     +    |      0|  0|   15|           7|           7|
    |tmp78_fu_3845_p2                  |     +    |      0|  0|    8|           6|           6|
    |tmp79_fu_3851_p2                  |     +    |      0|  0|   15|           6|           6|
    |tmp91_fu_4115_p2                  |     +    |      0|  0|   15|           7|           7|
    |tmp92_fu_4132_p2                  |     +    |      0|  0|   15|           7|           7|
    |tmp_48_fu_2634_p2                 |     +    |      0|  0|   15|           1|           6|
    |tmp_6_fu_2445_p2                  |     +    |      0|  0|   15|           5|           5|
    |tmp_76_fu_3839_p2                 |     +    |      0|  0|   15|           8|           8|
    |tmp_78_fu_3857_p2                 |     +    |      0|  0|    8|           6|           6|
    |tmp_79_fu_3923_p2                 |     +    |      0|  0|   39|           2|          32|
    |tmp_84_fu_3972_p2                 |     +    |      0|  0|   15|           6|           6|
    |tmp_95_fu_4141_p2                 |     +    |      0|  0|   15|           8|           8|
    |tmp_97_fu_4154_p2                 |     +    |      0|  0|   15|           1|           6|
    |tmp_size_V_fu_2384_p2             |     +    |      0|  0|   39|           2|          32|
    |tree_offset_V_fu_4003_p2          |     +    |      0|  0|   17|          13|          13|
    |p_not_fu_2565_p2                  |     -    |      0|  0|   71|           1|          64|
    |p_s_fu_2405_p2                    |     -    |      0|  0|   39|           1|          32|
    |r_V_10_fu_3341_p2                 |     -    |      0|  0|   13|           3|           4|
    |r_V_12_fu_3303_p2                 |     -    |      0|  0|   13|           4|           4|
    |r_V_29_fu_4195_p2                 |     -    |      0|  0|   25|          18|          18|
    |r_V_37_fu_4205_p2                 |     -    |      0|  0|   15|           3|           6|
    |r_V_3_fu_4854_p2                  |     -    |      0|  0|   13|           3|           4|
    |r_V_40_fu_2580_p2                 |     -    |      0|  0|   15|           3|           6|
    |r_V_5_fu_4816_p2                  |     -    |      0|  0|   13|           4|           4|
    |tmp1_V_fu_3933_p2                 |     -    |      0|  0|   39|          32|          32|
    |tmp_101_fu_4226_p2                |     -    |      0|  0|   15|           1|           6|
    |tmp_20_fu_2601_p2                 |     -    |      0|  0|   15|           1|           6|
    |tmp_89_fu_4034_p2                 |     -    |      0|  0|   69|           1|          62|
    |ap_block_state38_io               |    and   |      0|  0|    2|           1|           1|
    |ap_condition_1492                 |    and   |      0|  0|    2|           1|           1|
    |ap_condition_1591                 |    and   |      0|  0|    2|           1|           1|
    |ap_condition_1675                 |    and   |      0|  0|    2|           1|           1|
    |ap_condition_1842                 |    and   |      0|  0|    2|           1|           1|
    |ap_condition_2007                 |    and   |      0|  0|    2|           1|           1|
    |ap_condition_2089                 |    and   |      0|  0|    2|           1|           1|
    |ap_condition_2174                 |    and   |      0|  0|    2|           1|           1|
    |ap_condition_4455                 |    and   |      0|  0|    2|           1|           1|
    |ap_predicate_op142_write_state4   |    and   |      0|  0|    2|           1|           1|
    |ap_predicate_op152_write_state4   |    and   |      0|  0|    2|           1|           1|
    |ap_predicate_op177_write_state4   |    and   |      0|  0|    2|           1|           1|
    |ap_predicate_op368_write_state18  |    and   |      0|  0|    2|           1|           1|
    |group_tree_tmp_maske_fu_4040_p2   |    and   |      0|  0|   62|          62|          62|
    |p_Val2_1_fu_2410_p2               |    and   |      0|  0|   32|          32|          32|
    |r_V_36_fu_4028_p2                 |    and   |      0|  0|   62|          62|          62|
    |tmp0_V_5_fu_3732_p2               |    and   |      0|  0|   64|          64|          64|
    |tmp_23_fu_5193_p2                 |    and   |      0|  0|   64|          64|          64|
    |tmp_24_fu_5205_p2                 |    and   |      0|  0|   64|          64|          64|
    |tmp_25_fu_5217_p2                 |    and   |      0|  0|   64|          64|          64|
    |tmp_26_fu_5229_p2                 |    and   |      0|  0|   64|          64|          64|
    |tmp_27_fu_5241_p2                 |    and   |      0|  0|   64|          64|          64|
    |tmp_33_fu_4903_p2                 |    and   |      0|  0|   32|          32|          32|
    |tmp_35_fu_4999_p2                 |    and   |      0|  0|   32|          32|          32|
    |tmp_37_fu_5067_p2                 |    and   |      0|  0|   32|          32|          32|
    |tmp_39_fu_5128_p2                 |    and   |      0|  0|   32|          32|          32|
    |tmp_41_fu_5153_p2                 |    and   |      0|  0|   32|          32|          32|
    |tmp_47_fu_2643_p2                 |    and   |      0|  0|    5|           5|           5|
    |tmp_68_fu_2797_p2                 |    and   |      0|  0|    2|           1|           1|
    |tmp_81_fu_3929_p2                 |    and   |      0|  0|   32|          32|          32|
    |cond1_fu_5095_p2                  |   icmp   |      0|  0|   13|          11|           8|
    |cond2_fu_3576_p2                  |   icmp   |      0|  0|   13|          11|           8|
    |cond3_fu_4666_p2                  |   icmp   |      0|  0|   13|           9|           8|
    |cond_fu_3170_p2                   |   icmp   |      0|  0|   13|          12|           8|
    |grp_fu_2243_p2                    |   icmp   |      0|  0|   11|           5|           4|
    |grp_fu_2284_p2                    |   icmp   |      0|  0|   11|           5|           3|
    |not_s_fu_2791_p2                  |   icmp   |      0|  0|    9|           4|           1|
    |p_Repl2_10_fu_3582_p2             |   icmp   |      0|  0|   18|          32|           1|
    |p_Repl2_11_fu_5133_p2             |   icmp   |      0|  0|   18|          32|           1|
    |p_Repl2_12_fu_5159_p2             |   icmp   |      0|  0|   18|          32|           1|
    |p_Repl2_13_fu_3614_p2             |   icmp   |      0|  0|   18|          32|           1|
    |p_Repl2_14_fu_3640_p2             |   icmp   |      0|  0|   18|          32|           1|
    |p_Repl2_15_fu_3176_p2             |   icmp   |      0|  0|   18|          32|           1|
    |p_Repl2_16_fu_3206_p2             |   icmp   |      0|  0|   13|          16|           1|
    |p_Repl2_17_fu_3249_p2             |   icmp   |      0|  0|   18|          32|           1|
    |p_Repl2_18_fu_3238_p2             |   icmp   |      0|  0|   18|          32|           1|
    |p_Repl2_19_fu_3278_p2             |   icmp   |      0|  0|   18|          32|           1|
    |p_Repl2_1_fu_4915_p2              |   icmp   |      0|  0|   18|          32|           1|
    |p_Repl2_20_fu_4371_p2             |   icmp   |      0|  0|    8|           2|           2|
    |p_Repl2_21_fu_4430_p2             |   icmp   |      0|  0|   18|          32|           1|
    |p_Repl2_22_fu_4461_p2             |   icmp   |      0|  0|    9|           4|           1|
    |p_Repl2_23_fu_4522_p2             |   icmp   |      0|  0|   18|          32|           1|
    |p_Repl2_24_fu_4555_p2             |   icmp   |      0|  0|   11|           8|           1|
    |p_Repl2_25_fu_4609_p2             |   icmp   |      0|  0|   18|          32|           1|
    |p_Repl2_26_fu_4642_p2             |   icmp   |      0|  0|   13|          16|           1|
    |p_Repl2_27_fu_4690_p2             |   icmp   |      0|  0|   18|          32|           1|
    |p_Repl2_28_fu_4719_p2             |   icmp   |      0|  0|   18|          32|           1|
    |p_Repl2_29_fu_4761_p2             |   icmp   |      0|  0|   18|          32|           1|
    |p_Repl2_2_fu_3396_p2              |   icmp   |      0|  0|   18|          32|           1|
    |p_Repl2_3_fu_2946_p2              |   icmp   |      0|  0|   18|          32|           1|
    |p_Repl2_4_fu_2986_p2              |   icmp   |      0|  0|    9|           4|           1|
    |p_Repl2_5_fu_5004_p2              |   icmp   |      0|  0|   18|          32|           1|
    |p_Repl2_6_fu_3485_p2              |   icmp   |      0|  0|   18|          32|           1|
    |p_Repl2_7_fu_3059_p2              |   icmp   |      0|  0|   18|          32|           1|
    |p_Repl2_8_fu_3094_p2              |   icmp   |      0|  0|   11|           8|           1|
    |p_Repl2_9_fu_5101_p2              |   icmp   |      0|  0|   18|          32|           1|
    |p_Repl2_s_fu_2904_p2              |   icmp   |      0|  0|    8|           2|           1|
    |sel_tmp11_fu_5053_p2              |   icmp   |      0|  0|   11|           5|           2|
    |sel_tmp12_fu_3520_p2              |   icmp   |      0|  0|   11|           5|           2|
    |sel_tmp14_fu_3534_p2              |   icmp   |      0|  0|   11|           5|           2|
    |sel_tmp15_fu_3110_p2              |   icmp   |      0|  0|   11|           6|           2|
    |sel_tmp17_fu_3124_p2              |   icmp   |      0|  0|   11|           6|           2|
    |sel_tmp18_fu_4386_p2              |   icmp   |      0|  0|    8|           2|           1|
    |sel_tmp1_fu_3444_p2               |   icmp   |      0|  0|   11|           5|           2|
    |sel_tmp20_fu_4400_p2              |   icmp   |      0|  0|    8|           2|           1|
    |sel_tmp21_fu_4485_p2              |   icmp   |      0|  0|    8|           2|           1|
    |sel_tmp23_fu_4499_p2              |   icmp   |      0|  0|    9|           2|           3|
    |sel_tmp24_fu_4571_p2              |   icmp   |      0|  0|    9|           3|           2|
    |sel_tmp26_fu_4585_p2              |   icmp   |      0|  0|    9|           3|           2|
    |sel_tmp2_fu_4957_p2               |   icmp   |      0|  0|   11|           5|           2|
    |sel_tmp2_i_fu_2523_p2             |   icmp   |      0|  0|    9|           3|           3|
    |sel_tmp3_fu_3002_p2               |   icmp   |      0|  0|   11|           6|           1|
    |sel_tmp4_fu_4963_p2               |   icmp   |      0|  0|   11|           5|           2|
    |sel_tmp4_i_fu_2537_p2             |   icmp   |      0|  0|    9|           3|           3|
    |sel_tmp5_fu_3008_p2               |   icmp   |      0|  0|   11|           6|           2|
    |sel_tmp6_fu_3014_p2               |   icmp   |      0|  0|   11|           6|           2|
    |sel_tmp6_i_fu_2551_p2             |   icmp   |      0|  0|    9|           3|           2|
    |sel_tmp7_fu_3432_p2               |   icmp   |      0|  0|   11|           5|           1|
    |sel_tmp8_fu_5039_p2               |   icmp   |      0|  0|   11|           5|           2|
    |sel_tmp9_fu_3438_p2               |   icmp   |      0|  0|   11|           5|           2|
    |sel_tmp_fu_4951_p2                |   icmp   |      0|  0|   11|           5|           1|
    |sel_tmp_i_fu_2509_p2              |   icmp   |      0|  0|    9|           3|           4|
    |tmp_10_fu_3770_p2                 |   icmp   |      0|  0|   13|          16|           1|
    |tmp_1_fu_2429_p2                  |   icmp   |      0|  0|   13|          16|           1|
    |tmp_3_fu_2435_p2                  |   icmp   |      0|  0|   13|          16|           1|
    |tmp_5_fu_2463_p2                  |   icmp   |      0|  0|   11|           8|           2|
    |tmp_63_fu_3780_p2                 |   icmp   |      0|  0|   13|          16|           1|
    |tmp_67_fu_2785_p2                 |   icmp   |      0|  0|    8|           2|           2|
    |tmp_71_fu_3790_p2                 |   icmp   |      0|  0|   13|          16|           1|
    |tmp_72_fu_3800_p2                 |   icmp   |      0|  0|   13|          16|           1|
    |tmp_73_fu_3244_p2                 |   icmp   |      0|  0|    8|           2|           2|
    |tmp_82_fu_3952_p2                 |   icmp   |      0|  0|   13|          16|           1|
    |tmp_83_fu_3962_p2                 |   icmp   |      0|  0|   13|          16|           1|
    |tmp_85_fu_3977_p2                 |   icmp   |      0|  0|   29|          64|           1|
    |tmp_86_fu_3982_p2                 |   icmp   |      0|  0|   18|          32|          32|
    |tmp_91_fu_4083_p2                 |   icmp   |      0|  0|   13|          16|           1|
    |tmp_92_fu_4092_p2                 |   icmp   |      0|  0|   13|          16|           1|
    |tmp_93_fu_4101_p2                 |   icmp   |      0|  0|   13|          16|           1|
    |tmp_94_fu_4110_p2                 |   icmp   |      0|  0|   13|          14|           1|
    |tmp_9_fu_2458_p2                  |   icmp   |      0|  0|   11|           8|           2|
    |tmp_fu_2400_p2                    |   icmp   |      0|  0|   18|          32|           1|
    |r_V_15_fu_2770_p2                 |   lshr   |      0|  0|  182|          64|          64|
    |r_V_19_fu_2851_p2                 |   lshr   |      0|  0|  182|          64|          64|
    |tmp_102_fu_4236_p2                |   lshr   |      0|  0|   53|          20|          20|
    |tmp_30_fu_2621_p2                 |   lshr   |      0|  0|   53|          20|          20|
    |tmp_50_fu_2665_p2                 |   lshr   |      0|  0|   53|          20|          20|
    |ap_block_state1                   |    or    |      0|  0|    2|           1|           1|
    |ap_block_state18_io               |    or    |      0|  0|    2|           1|           1|
    |ap_block_state42_io               |    or    |      0|  0|    2|           1|           1|
    |ap_block_state4_io                |    or    |      0|  0|    2|           1|           1|
    |ap_block_state52_io               |    or    |      0|  0|    2|           1|           1|
    |or_cond1_fu_3458_p2               |    or    |      0|  0|    2|           1|           1|
    |or_cond2_fu_3028_p2               |    or    |      0|  0|    2|           1|           1|
    |or_cond_101_fu_3986_p2            |    or    |      0|  0|    2|           1|           1|
    |or_cond_fu_4977_p2                |    or    |      0|  0|    2|           1|           1|
    |tmp_117_fu_4297_p2                |    or    |      0|  0|   62|          62|          62|
    |tmp_119_fu_4311_p2                |    or    |      0|  0|   30|          30|          30|
    |tmp_120_fu_4317_p2                |    or    |      0|  0|   14|          14|          14|
    |tmp_121_fu_4323_p2                |    or    |      0|  0|    6|           6|           6|
    |tmp_122_fu_4329_p2                |    or    |      0|  0|    2|           2|           2|
    |tmp_38_fu_3668_p2                 |    or    |      0|  0|   64|          64|          64|
    |tmp_40_fu_3680_p2                 |    or    |      0|  0|   64|          64|          64|
    |tmp_42_fu_3692_p2                 |    or    |      0|  0|   64|          64|          64|
    |tmp_43_fu_3704_p2                 |    or    |      0|  0|   64|          64|          64|
    |tmp_44_fu_3716_p2                 |    or    |      0|  0|   64|          64|          64|
    |tmp_49_fu_3384_p2                 |    or    |      0|  0|   32|          32|          32|
    |tmp_54_fu_2728_p2                 |    or    |      0|  0|   62|          62|          62|
    |tmp_55_fu_3480_p2                 |    or    |      0|  0|   32|          32|          32|
    |tmp_57_fu_3548_p2                 |    or    |      0|  0|   32|          32|          32|
    |tmp_59_fu_3609_p2                 |    or    |      0|  0|   32|          32|          32|
    |tmp_61_fu_3634_p2                 |    or    |      0|  0|   32|          32|          32|
    |TMP_0_V_fu_2557_p3                |  select  |      0|  0|   64|           1|          64|
    |heap_tree_V_load_2_p_fu_5059_p3   |  select  |      0|  0|   32|           1|          32|
    |heap_tree_V_load_3_p_fu_5121_p3   |  select  |      0|  0|   32|           1|          32|
    |heap_tree_V_load_7_p_fu_3540_p3   |  select  |      0|  0|   32|           1|          32|
    |heap_tree_V_load_8_p_fu_3602_p3   |  select  |      0|  0|   32|           1|          32|
    |newSel1_fu_4983_p3                |  select  |      0|  0|   32|           1|          32|
    |newSel2_fu_4991_p3                |  select  |      0|  0|   32|           1|          32|
    |newSel3_fu_3450_p3                |  select  |      0|  0|   32|           1|          32|
    |newSel4_fu_3464_p3                |  select  |      0|  0|   32|           1|          32|
    |newSel5_fu_3472_p3                |  select  |      0|  0|   32|           1|          32|
    |newSel6_fu_3020_p3                |  select  |      0|  0|   32|           1|          32|
    |newSel7_fu_3034_p3                |  select  |      0|  0|   32|           1|          32|
    |newSel_fu_4969_p3                 |  select  |      0|  0|   32|           1|          32|
    |p_Val2_34_fu_3042_p3              |  select  |      0|  0|   32|           1|          32|
    |p_Val2_41_fu_3130_p3              |  select  |      0|  0|   32|           1|          32|
    |p_Val2_49_fu_3212_p3              |  select  |      0|  0|   32|           1|          32|
    |p_Val2_56_fu_4406_p3              |  select  |      0|  0|   32|           1|          32|
    |p_Val2_58_fu_4505_p3              |  select  |      0|  0|   32|           1|          32|
    |p_Val2_60_fu_4591_p3              |  select  |      0|  0|   32|           1|          32|
    |p_Val2_62_fu_4672_p3              |  select  |      0|  0|   32|           1|          32|
    |r_V_31_fu_4252_p3                 |  select  |      0|  0|   20|           1|          20|
    |r_V_41_fu_2626_p3                 |  select  |      0|  0|   20|           1|          20|
    |sel_tmp10_fu_5045_p3              |  select  |      0|  0|   32|           1|          32|
    |sel_tmp13_fu_3526_p3              |  select  |      0|  0|   32|           1|          32|
    |sel_tmp16_fu_3116_p3              |  select  |      0|  0|   32|           1|          32|
    |sel_tmp19_fu_4392_p3              |  select  |      0|  0|   32|           1|          32|
    |sel_tmp1_i_fu_2515_p3             |  select  |      0|  0|   64|           1|          64|
    |sel_tmp22_fu_4491_p3              |  select  |      0|  0|   32|           1|          32|
    |sel_tmp25_fu_4577_p3              |  select  |      0|  0|   32|           1|          32|
    |sel_tmp3_i_fu_2529_p3             |  select  |      0|  0|   64|           1|          64|
    |sel_tmp5_i_fu_2543_p3             |  select  |      0|  0|   64|           1|          64|
    |r_V_38_fu_3662_p2                 |    shl   |      0|  0|  182|          64|          64|
    |r_V_39_fu_3359_p2                 |    shl   |      0|  0|  101|          32|          32|
    |r_V_4_fu_5181_p2                  |    shl   |      0|  0|  182|          64|          64|
    |r_V_6_fu_4872_p2                  |    shl   |      0|  0|  101|          32|          32|
    |tmp_103_fu_4242_p2                |    shl   |      0|  0|  101|          32|          32|
    |tmp_29_fu_2611_p2                 |    shl   |      0|  0|  101|          32|          32|
    |tmp_98_fu_4164_p2                 |    shl   |      0|  0|  101|          32|          32|
    |i_op_assign_cast_fu_4018_p2       |    xor   |      0|  0|   62|          62|           2|
    |layer_V_fu_2451_p2                |    xor   |      0|  0|    6|           5|           6|
    |lhs_V_1_fu_2716_p2                |    xor   |      0|  0|   64|          64|           2|
    |tmp0_V_1_fu_5187_p2               |    xor   |      0|  0|   64|          64|           2|
    |tmp_32_fu_4878_p2                 |    xor   |      0|  0|   32|          32|           2|
    |tmp_53_fu_2722_p2                 |    xor   |      0|  0|   62|          62|           2|
    |val_assign_2_fu_2863_p2           |    xor   |      0|  0|   64|          64|           2|
    |val_assign_7_cast1_fu_4350_p2     |    xor   |      0|  0|   30|          30|          16|
    |val_assign_7_cast2_fu_4356_p2     |    xor   |      0|  0|   14|          14|           8|
    |val_assign_7_cast3_fu_4362_p2     |    xor   |      0|  0|    6|           6|           4|
    |val_assign_7_cast_fu_4344_p2      |    xor   |      0|  0|   62|          62|          32|
    +----------------------------------+----------+-------+---+-----+------------+------------+
    |Total                             |          |      0|  0| 6385|        4004|        3810|
    +----------------------------------+----------+-------+---+-----+------------+------------+

    * Multiplexer: 
    +-------------------------------------------------+-----+-----------+-----+-----------+
    |                       Name                      | LUT | Input Size| Bits| Total Bits|
    +-------------------------------------------------+-----+-----------+-----+-----------+
    |alloc_addr                                       |   21|          4|   32|        128|
    |alloc_addr_blk_n                                 |    9|          2|    1|          2|
    |alloc_cmd_blk_n                                  |    9|          2|    1|          2|
    |alloc_free_target_blk_n                          |    9|          2|    1|          2|
    |alloc_size_blk_n                                 |    9|          2|    1|          2|
    |ap_NS_fsm                                        |  273|         64|    1|         64|
    |ap_phi_mux_heap_tree_V_2_load_8_phi_fu_2011_p6   |   15|          3|   32|         96|
    |ap_phi_mux_heap_tree_V_3_load_10_phi_fu_2051_p6  |    9|          2|   32|         64|
    |ap_phi_mux_heap_tree_V_3_load_s_phi_fu_1999_p6   |    9|          2|   32|         64|
    |ap_phi_mux_heap_tree_V_4_load_10_phi_fu_2039_p6  |    9|          2|   32|         64|
    |ap_phi_mux_p_0102_0_i1_phi_fu_929_p34            |   89|         18|    5|         90|
    |ap_phi_mux_p_0167_0_i1_phi_fu_1343_p34           |   85|         17|    4|         68|
    |ap_phi_mux_p_0167_0_i_phi_fu_1716_p34            |   85|         17|    4|         68|
    |ap_phi_mux_p_0248_0_i1_phi_fu_1457_p34           |   89|         18|    6|        108|
    |ap_phi_mux_p_0248_0_i_phi_fu_1828_p34            |   89|         18|    6|        108|
    |ap_phi_mux_p_0252_0_i1_phi_fu_1400_p34           |   89|         18|    5|         90|
    |ap_phi_mux_p_0252_0_i_phi_fu_1772_p34            |   89|         18|    5|         90|
    |ap_phi_mux_p_061_0_i_phi_fu_1587_p34             |   85|         17|    4|         68|
    |ap_phi_mux_storemerge1_phi_fu_2085_p6            |    9|          2|   64|        128|
    |ap_sig_ioackin_alloc_addr_ap_ack                 |    9|          2|    1|          2|
    |ap_sig_ioackin_com_port_cmd_ap_ack               |    9|          2|    1|          2|
    |ap_sig_ioackin_com_port_layer_V_ap_ack           |    9|          2|    1|          2|
    |ap_sig_ioackin_com_port_target_V_ap_ack          |    9|          2|    1|          2|
    |com_port_allocated_addr_V_blk_n                  |    9|          2|    1|          2|
    |com_port_cmd                                     |   21|          4|    8|         32|
    |com_port_cmd_blk_n                               |    9|          2|    1|          2|
    |com_port_layer_V                                 |   21|          4|    8|         32|
    |com_port_layer_V_blk_n                           |    9|          2|    1|          2|
    |com_port_target_V                                |   21|          4|   16|         64|
    |com_port_target_V_blk_n                          |    9|          2|    1|          2|
    |group_tree_V_address0                            |   27|          5|   11|         55|
    |group_tree_V_d0                                  |   15|          3|   64|        192|
    |heap_tree_V_0_address0                           |   44|          9|    6|         54|
    |heap_tree_V_0_d0                                 |   27|          5|   32|        160|
    |heap_tree_V_1_address0                           |   44|          9|    6|         54|
    |heap_tree_V_1_d0                                 |   44|          9|   32|        288|
    |heap_tree_V_1_load_1_reg_1213                    |    9|          2|   32|         64|
    |heap_tree_V_1_load_2_reg_1063                    |    9|          2|   32|         64|
    |heap_tree_V_1_load_4_reg_1970                    |    9|          2|   32|         64|
    |heap_tree_V_1_load_reg_2125                      |    9|          2|   32|         64|
    |heap_tree_V_2_address0                           |   44|          9|    6|         54|
    |heap_tree_V_2_d0                                 |   56|         13|   32|        416|
    |heap_tree_V_2_load_1_reg_1197                    |    9|          2|   32|         64|
    |heap_tree_V_2_load_2_reg_2173                    |   15|          3|   32|         96|
    |heap_tree_V_2_load_3_reg_1261                    |   15|          3|   32|         96|
    |heap_tree_V_2_load_4_reg_1047                    |    9|          2|   32|         64|
    |heap_tree_V_2_load_5_reg_1111                    |   15|          3|   32|         96|
    |heap_tree_V_2_load_7_reg_1958                    |    9|          2|   32|         64|
    |heap_tree_V_2_load_8_reg_2008                    |   15|          3|   32|         96|
    |heap_tree_V_2_load_reg_2109                      |    9|          2|   32|         64|
    |heap_tree_V_3_address0                           |   44|          9|    6|         54|
    |heap_tree_V_3_d0                                 |   65|         16|   32|        512|
    |heap_tree_V_3_load_10_reg_2048                   |   15|          3|   32|         96|
    |heap_tree_V_3_load_1_reg_1181                    |    9|          2|   32|         64|
    |heap_tree_V_3_load_2_reg_2156                    |   15|          3|   32|         96|
    |heap_tree_V_3_load_3_reg_1244                    |   15|          3|   32|         96|
    |heap_tree_V_3_load_4_reg_1031                    |    9|          2|   32|         64|
    |heap_tree_V_3_load_5_reg_2220                    |   15|          3|   32|         96|
    |heap_tree_V_3_load_6_reg_1308                    |   15|          3|   32|         96|
    |heap_tree_V_3_load_7_reg_1094                    |   15|          3|   32|         96|
    |heap_tree_V_3_load_8_reg_1158                    |   15|          3|   32|         96|
    |heap_tree_V_3_load_reg_2093                      |    9|          2|   32|         64|
    |heap_tree_V_3_load_s_reg_1996                    |    9|          2|   32|         64|
    |heap_tree_V_4_address0                           |   44|          9|    6|         54|
    |heap_tree_V_4_d0                                 |   27|          5|   32|        160|
    |heap_tree_V_4_load_10_reg_2036                   |    9|          2|   32|         64|
    |heap_tree_V_4_load_1_reg_1228                    |    9|          2|   32|         64|
    |heap_tree_V_4_load_2_reg_2189                    |    9|          2|   32|         64|
    |heap_tree_V_4_load_3_reg_1277                    |    9|          2|   32|         64|
    |heap_tree_V_4_load_4_reg_1078                    |    9|          2|   32|         64|
    |heap_tree_V_4_load_5_reg_2206                    |    9|          2|   32|         64|
    |heap_tree_V_4_load_6_reg_1294                    |    9|          2|   32|         64|
    |heap_tree_V_4_load_7_reg_1127                    |    9|          2|   32|         64|
    |heap_tree_V_4_load_8_reg_2233                    |    9|          2|   32|         64|
    |heap_tree_V_4_load_9_reg_1321                    |    9|          2|   32|         64|
    |heap_tree_V_4_load_reg_2140                      |    9|          2|   32|         64|
    |heap_tree_V_4_load_s_reg_1144                    |    9|          2|   32|         64|
    |layer0_V_reg_982                                 |    9|          2|    5|         10|
    |maintain_mask_V_address0                         |   27|          5|    3|         15|
    |mark_mask_V_address0                             |   15|          3|    7|         21|
    |p_0102_0_i_reg_1640                              |   85|         17|    5|         85|
    |p_0167_0_i1_reg_1340                             |   65|         16|    4|         64|
    |p_0244_0_i1_reg_1511                             |   85|         17|    5|         85|
    |p_0244_0_i_reg_1881                              |   62|         15|    5|         75|
    |p_0248_0_i1_reg_1454                             |   85|         17|    5|         85|
    |p_0252_0_i1_reg_1397                             |   85|         17|    5|         85|
    |p_02759_0_in_in_reg_1012                         |    9|          2|   16|         32|
    |p_02894_0_in_reg_1003                            |    9|          2|   64|        128|
    |p_061_0_i1_reg_854                               |   65|         16|    4|         64|
    |p_3_reg_994                                      |    9|          2|    4|          8|
    |p_Val2_51_reg_1171                               |    9|          2|   32|         64|
    |p_Val2_66_reg_1021                               |    9|          2|   64|        128|
    |shift_constant_V_address0                        |   15|          3|    3|          9|
    |storemerge1_reg_2082                             |   15|          3|   64|        192|
    |storemerge_reg_1331                              |    9|          2|   64|        128|
    |tmp_123_reg_1946                                 |    9|          2|   32|         64|
    |tmp_124_reg_1982                                 |   15|          3|   32|         96|
    |tmp_125_reg_2022                                 |    9|          2|   32|         64|
    |tmp_126_reg_2062                                 |    9|          2|   32|         64|
    |tmp_127_reg_2072                                 |    9|          2|   32|         64|
    |top_heap_V_0                                     |   33|          6|   64|        384|
    |top_heap_V_1                                     |   33|          6|   64|        384|
    |top_heap_V_2                                     |   33|          6|   64|        384|
    |top_heap_V_3                                     |   33|          6|   64|        384|
    |top_heap_V_4                                     |   15|          3|   64|        192|
    +-------------------------------------------------+-----+-----------+-----+-----------+
    |Total                                            | 2943|        619| 2532|       9453|
    +-------------------------------------------------+-----+-----------+-----+-----------+

    * Register: 
    +-----------------------------------------+----+----+-----+-----------+
    |                   Name                  | FF | LUT| Bits| Const Bits|
    +-----------------------------------------+----+----+-----+-----------+
    |AA_V_3_reg_5889                          |  16|   0|   16|          0|
    |BB_V_3_reg_5894                          |  16|   0|   16|          0|
    |BB_V_reg_5286                            |  16|   0|   16|          0|
    |CC_V_1_reg_5899                          |  16|   0|   16|          0|
    |TMP_0_V_reg_5371                         |  64|   0|   64|          0|
    |addr_HTA_V_1_reg_5449                    |  15|   0|   16|          1|
    |addr_HTA_V_3_reg_6056                    |  16|   0|   16|          0|
    |addr_HTA_V_reg_5319                      |  15|   0|   16|          1|
    |alloc_cmd_read_reg_5247                  |   8|   0|    8|          0|
    |alloc_free_target_re_reg_5258            |  32|   0|   32|          0|
    |ap_CS_fsm                                |  63|   0|   63|          0|
    |ap_reg_ioackin_alloc_addr_ap_ack         |   1|   0|    1|          0|
    |ap_reg_ioackin_com_port_cmd_ap_ack       |   1|   0|    1|          0|
    |ap_reg_ioackin_com_port_layer_V_ap_ack   |   1|   0|    1|          0|
    |ap_reg_ioackin_com_port_target_V_ap_ack  |   1|   0|    1|          0|
    |arrayNo1_reg_5620                        |   4|   0|    4|          0|
    |arrayNo4_reg_5497                        |   5|   0|    5|          0|
    |arrayNo_reg_6091                         |   5|   0|    5|          0|
    |cond1_reg_6180                           |   1|   0|    1|          0|
    |cond2_reg_5709                           |   1|   0|    1|          0|
    |cond_reg_5591                            |   1|   0|    1|          0|
    |extra_mask_V_load_reg_5387               |   5|   0|    5|          0|
    |free_target_V_reg_5267                   |  20|   0|   20|          0|
    |group_tree_V_addr_1_reg_5865             |  11|   0|   11|          0|
    |group_tree_V_addr_reg_5419               |  11|   0|   11|          0|
    |heap_tree_V_0_addr_1_reg_5625            |   6|   0|    6|          0|
    |heap_tree_V_0_addr_2_reg_5502            |   6|   0|    6|          0|
    |heap_tree_V_0_addr_3_reg_5791            |   6|   0|    6|          0|
    |heap_tree_V_0_addr_reg_6096              |   6|   0|    6|          0|
    |heap_tree_V_1_addr_1_reg_5630            |   6|   0|    6|          0|
    |heap_tree_V_1_addr_2_reg_5507            |   6|   0|    6|          0|
    |heap_tree_V_1_addr_3_reg_5796            |   6|   0|    6|          0|
    |heap_tree_V_1_addr_reg_6101              |   6|   0|    6|          0|
    |heap_tree_V_1_load_1_reg_1213            |  32|   0|   32|          0|
    |heap_tree_V_1_load_2_reg_1063            |  32|   0|   32|          0|
    |heap_tree_V_1_load_4_reg_1970            |  32|   0|   32|          0|
    |heap_tree_V_1_load_reg_2125              |  32|   0|   32|          0|
    |heap_tree_V_2_addr_1_reg_5635            |   6|   0|    6|          0|
    |heap_tree_V_2_addr_2_reg_5512            |   6|   0|    6|          0|
    |heap_tree_V_2_addr_3_reg_5801            |   6|   0|    6|          0|
    |heap_tree_V_2_addr_reg_6106              |   6|   0|    6|          0|
    |heap_tree_V_2_load_1_reg_1197            |  32|   0|   32|          0|
    |heap_tree_V_2_load_2_reg_2173            |  32|   0|   32|          0|
    |heap_tree_V_2_load_3_reg_1261            |  32|   0|   32|          0|
    |heap_tree_V_2_load_4_reg_1047            |  32|   0|   32|          0|
    |heap_tree_V_2_load_5_reg_1111            |  32|   0|   32|          0|
    |heap_tree_V_2_load_7_reg_1958            |  32|   0|   32|          0|
    |heap_tree_V_2_load_8_reg_2008            |  32|   0|   32|          0|
    |heap_tree_V_2_load_reg_2109              |  32|   0|   32|          0|
    |heap_tree_V_3_addr_1_reg_5640            |   6|   0|    6|          0|
    |heap_tree_V_3_addr_2_reg_5517            |   6|   0|    6|          0|
    |heap_tree_V_3_addr_3_reg_5806            |   6|   0|    6|          0|
    |heap_tree_V_3_addr_reg_6111              |   6|   0|    6|          0|
    |heap_tree_V_3_load_10_reg_2048           |  32|   0|   32|          0|
    |heap_tree_V_3_load_1_reg_1181            |  32|   0|   32|          0|
    |heap_tree_V_3_load_2_reg_2156            |  32|   0|   32|          0|
    |heap_tree_V_3_load_3_reg_1244            |  32|   0|   32|          0|
    |heap_tree_V_3_load_4_reg_1031            |  32|   0|   32|          0|
    |heap_tree_V_3_load_5_reg_2220            |  32|   0|   32|          0|
    |heap_tree_V_3_load_6_reg_1308            |  32|   0|   32|          0|
    |heap_tree_V_3_load_7_reg_1094            |  32|   0|   32|          0|
    |heap_tree_V_3_load_8_reg_1158            |  32|   0|   32|          0|
    |heap_tree_V_3_load_reg_2093              |  32|   0|   32|          0|
    |heap_tree_V_3_load_s_reg_1996            |  32|   0|   32|          0|
    |heap_tree_V_4_addr_1_reg_5645            |   6|   0|    6|          0|
    |heap_tree_V_4_addr_2_reg_5522            |   6|   0|    6|          0|
    |heap_tree_V_4_addr_3_reg_5811            |   6|   0|    6|          0|
    |heap_tree_V_4_addr_reg_6116              |   6|   0|    6|          0|
    |heap_tree_V_4_load_10_reg_2036           |  32|   0|   32|          0|
    |heap_tree_V_4_load_1_reg_1228            |  32|   0|   32|          0|
    |heap_tree_V_4_load_2_reg_2189            |  32|   0|   32|          0|
    |heap_tree_V_4_load_3_reg_1277            |  32|   0|   32|          0|
    |heap_tree_V_4_load_4_reg_1078            |  32|   0|   32|          0|
    |heap_tree_V_4_load_5_reg_2206            |  32|   0|   32|          0|
    |heap_tree_V_4_load_6_reg_1294            |  32|   0|   32|          0|
    |heap_tree_V_4_load_7_reg_1127            |  32|   0|   32|          0|
    |heap_tree_V_4_load_8_reg_2233            |  32|   0|   32|          0|
    |heap_tree_V_4_load_9_reg_1321            |  32|   0|   32|          0|
    |heap_tree_V_4_load_reg_2140              |  32|   0|   32|          0|
    |heap_tree_V_4_load_s_reg_1144            |  32|   0|   32|          0|
    |i_assign_1_reg_5673                      |  10|   0|   32|         22|
    |i_assign_3_reg_5532                      |   5|   0|   32|         27|
    |i_assign_4_reg_5549                      |  11|   0|   32|         21|
    |i_assign_5_reg_5976                      |   6|   0|   32|         26|
    |i_assign_6_reg_5996                      |   8|   0|   32|         24|
    |i_assign_reg_6144                        |  11|   0|   32|         21|
    |layer0_V_reg_982                         |   5|   0|    5|          0|
    |lhs_V_4_reg_5875                         |  64|   0|   64|          0|
    |lhs_V_8_cast_reg_5946                    |   5|   0|    6|          1|
    |loc2_V_1_reg_5324                        |   5|   0|    5|          0|
    |loc2_V_2_reg_5408                        |   5|   0|    5|          0|
    |loc2_V_reg_6065                          |   5|   0|    5|          0|
    |loc_in_group_tree_V_3_reg_5397           |   6|   0|    6|          0|
    |or_cond_101_reg_5855                     |   1|   0|    1|          0|
    |p_0102_0_i_reg_1640                      |   5|   0|    5|          0|
    |p_0167_0_i1_cast_reg_5757                |   4|   0|    7|          3|
    |p_0167_0_i1_reg_1340                     |   4|   0|    4|          0|
    |p_0167_0_i_cast_reg_5917                 |   4|   0|    7|          3|
    |p_0244_0_i1_reg_1511                     |   5|   0|    5|          0|
    |p_0244_0_i_reg_1881                      |   5|   0|    5|          0|
    |p_0248_0_i1_cast_reg_5773                |   6|   0|    7|          1|
    |p_0248_0_i1_reg_1454                     |   5|   0|    6|          1|
    |p_0252_0_i1_cast_reg_5765                |   5|   0|    7|          2|
    |p_0252_0_i1_reg_1397                     |   5|   0|    5|          0|
    |p_02759_0_in_in_reg_1012                 |  16|   0|   16|          0|
    |p_02894_0_in_reg_1003                    |  64|   0|   64|          0|
    |p_061_0_i1_reg_854                       |   4|   0|    4|          0|
    |p_061_0_i_cast_reg_5842                  |   4|   0|    6|          2|
    |p_3_reg_994                              |   4|   0|    4|          0|
    |p_Repl2_18_reg_5603                      |   1|   0|    1|          0|
    |p_Repl2_22_reg_6004                      |   1|   0|    1|          0|
    |p_Repl2_28_reg_6051                      |   1|   0|    1|          0|
    |p_Result_16_reg_5596                     |  32|   0|   32|          0|
    |p_Result_22_reg_6019                     |  32|   0|   32|          0|
    |p_Result_24_reg_6033                     |  32|   0|   32|          0|
    |p_Result_30_reg_5273                     |  32|   0|   32|          0|
    |p_Result_4_reg_5567                      |  32|   0|   32|          0|
    |p_Result_8_reg_5582                      |  32|   0|   32|          0|
    |p_Result_s_reg_5540                      |  32|   0|   32|          0|
    |p_Val2_51_reg_1171                       |  32|   0|   32|          0|
    |p_Val2_57_reg_5351                       |  64|   0|   64|          0|
    |p_Val2_59_reg_5356                       |  64|   0|   64|          0|
    |p_Val2_61_reg_5361                       |  64|   0|   64|          0|
    |p_Val2_63_reg_5366                       |  64|   0|   64|          0|
    |p_Val2_65_reg_5346                       |  64|   0|   64|          0|
    |p_Val2_66_reg_1021                       |  64|   0|   64|          0|
    |p_not_reg_5376                           |  64|   0|   64|          0|
    |phitmp2_reg_5335                         |  10|   0|   11|          1|
    |r_V_11_reg_5413                          |  11|   0|   11|          0|
    |r_V_28_reg_5951                          |  17|   0|   17|          0|
    |r_V_39_reg_5655                          |  32|   0|   32|          0|
    |r_V_41_reg_5381                          |  20|   0|   20|          0|
    |r_V_s_reg_6074                           |  11|   0|   11|          0|
    |reg_2290                                 |   5|   0|    5|          0|
    |reg_2294                                 |   5|   0|    5|          0|
    |reg_2298                                 |  32|   0|   32|          0|
    |reg_2316                                 |  32|   0|   32|          0|
    |reg_2334                                 |  32|   0|   32|          0|
    |reg_2352                                 |  32|   0|   32|          0|
    |reg_2370                                 |  32|   0|   32|          0|
    |reg_2376                                 |  33|   0|   33|          0|
    |rhs_V_13_cast_reg_6009                   |   8|   0|    9|          1|
    |rhs_V_7_cast_reg_5557                    |  11|   0|   12|          1|
    |size_V_reg_5253                          |  32|   0|   32|          0|
    |storemerge1_reg_2082                     |  64|   0|   64|          0|
    |storemerge_reg_1331                      |  64|   0|   64|          0|
    |tmp0_V_5_reg_5737                        |  64|   0|   64|          0|
    |tmp91_reg_5931                           |   7|   0|    7|          0|
    |tmp_108_reg_6152                         |   5|   0|    5|          0|
    |tmp_111_reg_5429                         |   4|   0|    4|          0|
    |tmp_115_reg_5681                         |   5|   0|    5|          0|
    |tmp_116_reg_5563                         |   6|   0|    6|          0|
    |tmp_11_reg_5305                          |   1|   0|    1|          0|
    |tmp_123_reg_1946                         |  32|   0|   32|          0|
    |tmp_124_reg_1982                         |  32|   0|   32|          0|
    |tmp_125_reg_2022                         |  32|   0|   32|          0|
    |tmp_126_reg_2062                         |  32|   0|   32|          0|
    |tmp_127_reg_2072                         |  32|   0|   32|          0|
    |tmp_128_reg_6167                         |   5|   0|    5|          0|
    |tmp_129_reg_5696                         |   5|   0|    5|          0|
    |tmp_130_reg_5578                         |   6|   0|    6|          0|
    |tmp_135_reg_5984                         |   2|   0|    2|          0|
    |tmp_136_reg_6015                         |   2|   0|    2|          0|
    |tmp_137_reg_6029                         |   3|   0|    3|          0|
    |tmp_152_reg_5527                         |   2|   0|    2|          0|
    |tmp_15_reg_5329                          |  10|   0|   10|          0|
    |tmp_178_reg_5884                         |  62|   0|   62|          0|
    |tmp_18_reg_5434                          |  15|   0|   15|          0|
    |tmp_32_reg_6126                          |  32|   0|   32|          0|
    |tmp_33_reg_6135                          |  32|   0|   32|          0|
    |tmp_35_reg_6156                          |  32|   0|   32|          0|
    |tmp_37_reg_6171                          |  32|   0|   32|          0|
    |tmp_39_reg_6185                          |  32|   0|   32|          0|
    |tmp_3_reg_5293                           |   1|   0|    1|          0|
    |tmp_46_reg_6070                          |   1|   0|    1|          0|
    |tmp_48_reg_5392                          |   6|   0|    6|          0|
    |tmp_49_reg_5664                          |  32|   0|   32|          0|
    |tmp_50_reg_5402                          |  20|   0|   20|          0|
    |tmp_54_reg_5439                          |  62|   0|   62|          0|
    |tmp_55_reg_5685                          |  32|   0|   32|          0|
    |tmp_57_reg_5700                          |  32|   0|   32|          0|
    |tmp_58_reg_5444                          |   2|   0|    2|          0|
    |tmp_59_reg_5714                          |  32|   0|   32|          0|
    |tmp_5_reg_5301                           |   1|   0|    1|          0|
    |tmp_73_reg_5608                          |   1|   0|    1|          0|
    |tmp_76_reg_5781                          |   8|   0|    8|          0|
    |tmp_79_reg_5823                          |  32|   0|   32|          0|
    |tmp_80_reg_5816                          |  32|   0|   32|          0|
    |tmp_81_reg_5828                          |  32|   0|   32|          0|
    |tmp_84_reg_5850                          |   6|   0|    6|          0|
    |tmp_8_reg_5731                           |   5|   0|   64|         59|
    |tmp_90_reg_5904                          |  14|   0|   14|          0|
    |tmp_95_reg_5941                          |   8|   0|    8|          0|
    |tmp_9_reg_5297                           |   1|   0|    1|          0|
    |tmp_reg_5279                             |   1|   0|    1|          0|
    |tmp_s_reg_5342                           |   1|   0|    1|          0|
    |top_heap_V_0                             |  64|   0|   64|          0|
    |top_heap_V_1                             |  64|   0|   64|          0|
    |top_heap_V_2                             |  64|   0|   64|          0|
    |top_heap_V_3                             |  64|   0|   64|          0|
    |top_heap_V_4                             |  64|   0|   64|          0|
    |tree_offset_V_cast_reg_5909              |  13|   0|   16|          3|
    |tree_offset_V_reg_5859                   |  13|   0|   13|          0|
    |val_assign_7_cast1_reg_5966              |  30|   0|   30|          0|
    |val_assign_7_cast2_reg_5971              |  14|   0|   14|          0|
    |val_assign_7_cast_reg_5961               |  62|   0|   62|          0|
    +-----------------------------------------+----+----+-----+-----------+
    |Total                                    |4400|   0| 4621|        221|
    +-----------------------------------------+----+----+-----+-----------+



================================================================
== Interface
================================================================
* Summary: 
+----------------------------------+-----+-----+------------+---------------------------+--------------+
|             RTL Ports            | Dir | Bits|  Protocol  |       Source Object       |    C Type    |
+----------------------------------+-----+-----+------------+---------------------------+--------------+
|ap_clk                            |  in |    1| ap_ctrl_hs |        Ext_KWTA64k        | return value |
|ap_rst                            |  in |    1| ap_ctrl_hs |        Ext_KWTA64k        | return value |
|ap_start                          |  in |    1| ap_ctrl_hs |        Ext_KWTA64k        | return value |
|ap_done                           | out |    1| ap_ctrl_hs |        Ext_KWTA64k        | return value |
|ap_idle                           | out |    1| ap_ctrl_hs |        Ext_KWTA64k        | return value |
|ap_ready                          | out |    1| ap_ctrl_hs |        Ext_KWTA64k        | return value |
|alloc_size                        |  in |   32|    ap_hs   |         alloc_size        |    pointer   |
|alloc_size_ap_vld                 |  in |    1|    ap_hs   |         alloc_size        |    pointer   |
|alloc_size_ap_ack                 | out |    1|    ap_hs   |         alloc_size        |    pointer   |
|alloc_free_target                 |  in |   32|    ap_hs   |     alloc_free_target     |    pointer   |
|alloc_free_target_ap_vld          |  in |    1|    ap_hs   |     alloc_free_target     |    pointer   |
|alloc_free_target_ap_ack          | out |    1|    ap_hs   |     alloc_free_target     |    pointer   |
|alloc_addr                        | out |   32|    ap_hs   |         alloc_addr        |    pointer   |
|alloc_addr_ap_vld                 | out |    1|    ap_hs   |         alloc_addr        |    pointer   |
|alloc_addr_ap_ack                 |  in |    1|    ap_hs   |         alloc_addr        |    pointer   |
|alloc_cmd                         |  in |    8|    ap_hs   |         alloc_cmd         |    pointer   |
|alloc_cmd_ap_vld                  |  in |    1|    ap_hs   |         alloc_cmd         |    pointer   |
|alloc_cmd_ap_ack                  | out |    1|    ap_hs   |         alloc_cmd         |    pointer   |
|com_port_layer_V                  | out |    8|    ap_hs   |      com_port_layer_V     |    pointer   |
|com_port_layer_V_ap_vld           | out |    1|    ap_hs   |      com_port_layer_V     |    pointer   |
|com_port_layer_V_ap_ack           |  in |    1|    ap_hs   |      com_port_layer_V     |    pointer   |
|com_port_target_V                 | out |   16|    ap_hs   |     com_port_target_V     |    pointer   |
|com_port_target_V_ap_vld          | out |    1|    ap_hs   |     com_port_target_V     |    pointer   |
|com_port_target_V_ap_ack          |  in |    1|    ap_hs   |     com_port_target_V     |    pointer   |
|com_port_allocated_addr_V         |  in |   16|    ap_hs   | com_port_allocated_addr_V |    pointer   |
|com_port_allocated_addr_V_ap_vld  |  in |    1|    ap_hs   | com_port_allocated_addr_V |    pointer   |
|com_port_allocated_addr_V_ap_ack  | out |    1|    ap_hs   | com_port_allocated_addr_V |    pointer   |
|com_port_cmd                      | out |    8|    ap_hs   |        com_port_cmd       |    pointer   |
|com_port_cmd_ap_vld               | out |    1|    ap_hs   |        com_port_cmd       |    pointer   |
|com_port_cmd_ap_ack               |  in |    1|    ap_hs   |        com_port_cmd       |    pointer   |
+----------------------------------+-----+-----+------------+---------------------------+--------------+

