Copyright 1986-2018 Xilinx, Inc. All Rights Reserved.
---------------------------------------------------------------------------------------------
| Tool Version : Vivado v.2018.2 (lin64) Build 2258646 Thu Jun 14 20:02:38 MDT 2018
| Date         : Tue Jul 31 01:40:53 2018
| Host         : tingyuan-OptiPlex-9010 running 64-bit Ubuntu 18.04 LTS
| Command      : report_control_sets -verbose -file design_1_wrapper_control_sets_placed.rpt
| Design       : design_1_wrapper
| Device       : xc7z020
---------------------------------------------------------------------------------------------

Control Set Information

Table of Contents
-----------------
1. Summary
2. Histogram
3. Flip-Flop Distribution
4. Detailed Control Set Information

1. Summary
----------

+----------------------------------------------------------+-------+
|                          Status                          | Count |
+----------------------------------------------------------+-------+
| Number of unique control sets                            |   121 |
| Unused register locations in slices containing registers |   216 |
+----------------------------------------------------------+-------+


2. Histogram
------------

+--------+--------------+
| Fanout | Control Sets |
+--------+--------------+
|      2 |            1 |
|      8 |           15 |
|     10 |            2 |
|     12 |            4 |
|     14 |            8 |
|    16+ |           91 |
+--------+--------------+


3. Flip-Flop Distribution
-------------------------

+--------------+-----------------------+------------------------+-----------------+--------------+
| Clock Enable | Synchronous Set/Reset | Asynchronous Set/Reset | Total Registers | Total Slices |
+--------------+-----------------------+------------------------+-----------------+--------------+
| No           | No                    | No                     |             528 |          152 |
| No           | No                    | Yes                    |               0 |            0 |
| No           | Yes                   | No                     |             436 |           99 |
| Yes          | No                    | No                     |            8874 |         1715 |
| Yes          | No                    | Yes                    |               0 |            0 |
| Yes          | Yes                   | No                     |             402 |           74 |
+--------------+-----------------------+------------------------+-----------------+--------------+


4. Detailed Control Set Information
-----------------------------------

+-----------------------------------+----------------------------------------------------------------------------------------------------+--------------------------------------------------------------------------------------------------------------+------------------+----------------+
|            Clock Signal           |                                            Enable Signal                                           |                                               Set/Reset Signal                                               | Slice Load Count | Bel Load Count |
+-----------------------------------+----------------------------------------------------------------------------------------------------+--------------------------------------------------------------------------------------------------------------+------------------+----------------+
|  design_1_i/clk_wiz/inst/clk_out1 | design_1_i/Ext_HTA_0/inst/ap_CS_fsm_state4                                                         |                                                                                                              |                1 |              2 |
|  design_1_i/clk_wiz/inst/clk_out1 | design_1_i/Ext_KWTA8k_0/inst/ap_CS_fsm_state27                                                     | design_1_i/Ext_KWTA8k_0/inst/p_0252_0_i_cast_reg_3490[3]_i_1_n_0                                             |                3 |              8 |
|  design_1_i/clk_wiz/inst/clk_out1 | design_1_i/Ext_KWTA8k_0/inst/shift_constant_V_U/Ext_KWTA8k_shift_g8j_rom_U/q0[4]_i_1__0_n_0        |                                                                                                              |                1 |              8 |
|  design_1_i/clk_wiz/inst/clk_out1 | design_1_i/Ext_HTA_0/inst/ap_CS_fsm_state19                                                        | design_1_i/Ext_HTA_0/inst/p_03622_3_reg_642                                                                  |                1 |              8 |
|  design_1_i/clk_wiz/inst/clk_out1 | design_1_i/Ext_HTA_0/inst/shift_constant_V_U/Ext_HTA_shift_coneOg_rom_U/shift_constant_V_ce0       |                                                                                                              |                1 |              8 |
|  design_1_i/clk_wiz/inst/clk_out1 | design_1_i/Ext_KWTA8k_0/inst/ap_CS_fsm_state21                                                     | design_1_i/Ext_KWTA8k_0/inst/p_0244_0_i1_reg_943[3]_i_1_n_0                                                  |                2 |              8 |
|  design_1_i/clk_wiz/inst/clk_out1 | design_1_i/Ext_KWTA8k_0/inst/ap_CS_fsm_state21                                                     | design_1_i/Ext_KWTA8k_0/inst/p_0252_0_i1_reg_829[0]_i_1_n_0                                                  |                3 |              8 |
|  design_1_i/clk_wiz/inst/clk_out1 | design_1_i/Ext_KWTA8k_0/inst/ap_CS_fsm_state24                                                     | design_1_i/Ext_KWTA8k_0/inst/p_0102_0_i_reg_1084[3]_i_1_n_0                                                  |                2 |              8 |
|  design_1_i/clk_wiz/inst/clk_out1 | design_1_i/Ext_KWTA8k_0/inst/ap_CS_fsm_state27                                                     | design_1_i/Ext_KWTA8k_0/inst/p_0167_0_i_reg_1157[3]_i_1_n_0                                                  |                2 |              8 |
|  design_1_i/clk_wiz/inst/clk_out1 | design_1_i/Ext_HTA_0/inst/t_V_reg_555                                                              | design_1_i/Ext_HTA_0/inst/reg_583[7]                                                                         |                1 |              8 |
|  design_1_i/clk_wiz/inst/clk_out1 | design_1_i/Ext_KWTA8k_0/inst/ap_CS_fsm_state26                                                     | design_1_i/Ext_KWTA8k_0/inst/group_tree_mask_V_U/Ext_KWTA8k_group_fYi_rom_U/group_tree_tmp_V_reg_3459_reg[5] |                1 |              8 |
|  design_1_i/clk_wiz/inst/clk_out1 | design_1_i/Ext_HTA_0/inst/ap_NS_fsm[4]                                                             |                                                                                                              |                2 |              8 |
|  design_1_i/clk_wiz/inst/clk_out1 | design_1_i/Ext_HTA_0/inst/ap_CS_fsm_state53                                                        | design_1_i/Ext_HTA_0/inst/cnt1_reg_832                                                                       |                1 |              8 |
|  design_1_i/clk_wiz/inst/clk_out1 | design_1_i/Ext_KWTA8k_0/inst/reg_14080                                                             |                                                                                                              |                1 |              8 |
|  design_1_i/clk_wiz/inst/clk_out1 |                                                                                                    | design_1_i/rst_clk_wiz_100M/U0/EXT_LPF/lpf_int                                                               |                1 |              8 |
|  design_1_i/clk_wiz/inst/clk_out1 | design_1_i/Ext_HTA_0/inst/ap_NS_fsm[31]                                                            |                                                                                                              |                1 |              8 |
|  design_1_i/clk_wiz/inst/clk_out1 | design_1_i/Ext_HTA_0/inst/ap_CS_fsm_state61                                                        |                                                                                                              |                4 |             10 |
|  design_1_i/clk_wiz/inst/clk_out1 | design_1_i/Ext_KWTA8k_0/inst/reg_13990                                                             |                                                                                                              |                1 |             10 |
|  design_1_i/clk_wiz/inst/clk_out1 | design_1_i/Ext_KWTA8k_0/inst/ap_NS_fsm1                                                            |                                                                                                              |                1 |             12 |
|  design_1_i/clk_wiz/inst/clk_out1 | design_1_i/Ext_KWTA8k_0/inst/ap_CS_fsm_state9                                                      |                                                                                                              |                3 |             12 |
|  design_1_i/clk_wiz/inst/clk_out1 | design_1_i/Ext_KWTA8k_0/inst/ce03                                                                  |                                                                                                              |                1 |             12 |
|  design_1_i/clk_wiz/inst/clk_out1 | design_1_i/rst_clk_wiz_100M/U0/SEQ/seq_cnt_en                                                      | design_1_i/rst_clk_wiz_100M/U0/SEQ/SEQ_COUNTER/clear                                                         |                1 |             12 |
|  design_1_i/clk_wiz/inst/clk_out1 | design_1_i/Ext_KWTA8k_0/inst/maintain_mask_V_U/Ext_KWTA8k_maintabkb_rom_U/maintain_mask_V_ce0      |                                                                                                              |                1 |             14 |
|  design_1_i/clk_wiz/inst/clk_out1 | design_1_i/Ext_HTA_0/inst/ap_CS_fsm[60]_i_1_n_0                                                    |                                                                                                              |                3 |             14 |
|  design_1_i/clk_wiz/inst/clk_out1 | design_1_i/Ext_HTA_0/inst/ap_CS_fsm_state13                                                        |                                                                                                              |                4 |             14 |
|  design_1_i/clk_wiz/inst/clk_out1 | design_1_i/Ext_HTA_0/inst/alloc_cmd_ap_ack                                                         |                                                                                                              |                3 |             14 |
|  design_1_i/clk_wiz/inst/clk_out1 | design_1_i/Ext_HTA_0/inst/ap_CS_fsm_state54                                                        |                                                                                                              |                2 |             14 |
|  design_1_i/clk_wiz/inst/clk_out1 | design_1_i/Ext_KWTA8k_0/inst/ap_CS_fsm_state26                                                     |                                                                                                              |                3 |             14 |
|  design_1_i/clk_wiz/inst/clk_out1 | design_1_i/Ext_HTA_0/inst/ap_CS_fsm_state45                                                        | design_1_i/Ext_HTA_0/inst/ap_CS_fsm_state37                                                                  |                3 |             14 |
|  design_1_i/clk_wiz/inst/clk_out1 | design_1_i/Ext_KWTA8k_0/inst/reg_14240                                                             |                                                                                                              |                1 |             14 |
|  design_1_i/clk_wiz/inst/clk_out1 | design_1_i/Ext_HTA_0/inst/ap_NS_fsm[18]                                                            |                                                                                                              |                2 |             16 |
|  design_1_i/clk_wiz/inst/clk_out1 | design_1_i/Ext_KWTA8k_0/inst/mark_mask_V_U/Ext_KWTA8k_mark_mhbi_rom_U/mark_mask_V_ce0              |                                                                                                              |                7 |             16 |
|  design_1_i/clk_wiz/inst/clk_out1 | design_1_i/Ext_HTA_0/inst/reg_583[7]_i_2_n_0                                                       | design_1_i/Ext_HTA_0/inst/reg_583[7]                                                                         |                3 |             16 |
|  design_1_i/clk_wiz/inst/clk_out1 | design_1_i/Ext_HTA_0/inst/now2_V_reg_28100                                                         |                                                                                                              |                2 |             16 |
|  design_1_i/clk_wiz/inst/clk_out1 | design_1_i/Ext_HTA_0/inst/buddy_tree_V_U/Ext_HTA_buddy_trebkb_ram_U/ap_CS_fsm_reg[54]              |                                                                                                              |                2 |             16 |
|  design_1_i/clk_wiz/inst/clk_out1 | design_1_i/Ext_KWTA8k_0/inst/reg_14120                                                             |                                                                                                              |                2 |             16 |
|  design_1_i/clk_wiz/inst/clk_out1 | design_1_i/Ext_HTA_0/inst/ap_NS_fsm[52]                                                            |                                                                                                              |                2 |             16 |
|  design_1_i/clk_wiz/inst/clk_out1 | design_1_i/Ext_HTA_0/inst/ap_NS_fsm121_out                                                         | design_1_i/Ext_HTA_0/inst/ap_NS_fsm123_out                                                                   |                3 |             16 |
|  design_1_i/clk_wiz/inst/clk_out1 | design_1_i/Ext_HTA_0/inst/p_0_in18_in                                                              |                                                                                                              |                3 |             18 |
|  design_1_i/clk_wiz/inst/clk_out1 | design_1_i/Ext_HTA_0/inst/buddy_tree_V_U/Ext_HTA_buddy_trebkb_ram_U/ap_NS_fsm330_out               |                                                                                                              |                4 |             18 |
|  design_1_i/clk_wiz/inst/clk_out1 | design_1_i/Ext_KWTA8k_0/inst/ap_NS_fsm[7]                                                          | design_1_i/Ext_KWTA8k_0/inst/p_01880_0_in_in_reg_726[6]                                                      |                4 |             20 |
|  design_1_i/clk_wiz/inst/clk_out1 | design_1_i/Ext_HTA_0/inst/ap_NS_fsm[17]                                                            |                                                                                                              |                4 |             20 |
|  design_1_i/clk_wiz/inst/clk_out1 | design_1_i/Ext_HTA_0/inst/buddy_tree_V_U/Ext_HTA_buddy_trebkb_ram_U/ap_CS_fsm_reg[8][0]            |                                                                                                              |                2 |             22 |
|  design_1_i/clk_wiz/inst/clk_out1 | design_1_i/Ext_HTA_0/inst/ap_NS_fsm[53]                                                            |                                                                                                              |                3 |             22 |
|  design_1_i/clk_wiz/inst/clk_out1 | design_1_i/Ext_KWTA8k_0/inst/ap_reg_ioackin_alloc_addr_ap_ack2103_out                              |                                                                                                              |                2 |             22 |
|  design_1_i/clk_wiz/inst/clk_out1 | design_1_i/Ext_HTA_0/inst/ap_CS_fsm_state27                                                        |                                                                                                              |                4 |             22 |
|  design_1_i/clk_wiz/inst/clk_out1 | design_1_i/acc8kmau_0/inst/ap_CS_fsm_state4                                                        |                                                                                                              |                3 |             22 |
|  design_1_i/clk_wiz/inst/clk_out1 | design_1_i/Ext_KWTA8k_0/inst/reg_14030                                                             |                                                                                                              |                3 |             22 |
|  design_1_i/clk_wiz/inst/clk_out1 | design_1_i/Ext_HTA_0/inst/ap_NS_fsm147_out                                                         |                                                                                                              |                3 |             22 |
|  design_1_i/clk_wiz/inst/clk_out1 | design_1_i/Ext_KWTA8k_0/inst/phitmp2_reg_3126[10]_i_1_n_0                                          |                                                                                                              |                4 |             22 |
|  design_1_i/clk_wiz/inst/clk_out1 | design_1_i/Ext_KWTA8k_0/inst/ap_NS_fsm[7]                                                          |                                                                                                              |                5 |             22 |
|  design_1_i/clk_wiz/inst/clk_out1 | design_1_i/Ext_KWTA8k_0/inst/ap_CS_fsm_state6                                                      |                                                                                                              |                5 |             24 |
|  design_1_i/clk_wiz/inst/clk_out1 | design_1_i/Ext_KWTA8k_0/inst/group_tree_mask_V_U/Ext_KWTA8k_group_fYi_rom_U/E[0]                   |                                                                                                              |                3 |             24 |
|  design_1_i/clk_wiz/inst/clk_out1 | design_1_i/Ext_HTA_0/inst/ap_CS_fsm_state52                                                        |                                                                                                              |                3 |             24 |
|  design_1_i/clk_wiz/inst/clk_out1 | design_1_i/Ext_HTA_0/inst/ap_CS_fsm_state10                                                        |                                                                                                              |                5 |             24 |
|  design_1_i/clk_wiz/inst/clk_out1 | design_1_i/Ext_HTA_0/inst/loc1_V_s_reg_27570                                                       |                                                                                                              |                5 |             24 |
|  design_1_i/clk_wiz/inst/clk_out1 | design_1_i/Ext_HTA_0/inst/ap_CS_fsm_state38                                                        |                                                                                                              |                5 |             24 |
|  design_1_i/clk_wiz/inst/clk_out1 | design_1_i/Ext_HTA_0/inst/ap_CS_fsm_state34                                                        |                                                                                                              |                5 |             26 |
|  design_1_i/clk_wiz/inst/clk_out1 | design_1_i/Ext_HTA_0/inst/ap_CS_fsm_state41                                                        |                                                                                                              |                6 |             26 |
|  design_1_i/clk_wiz/inst/clk_out1 | design_1_i/Ext_HTA_0/inst/alloc_target_V_ap_ack                                                    |                                                                                                              |                5 |             26 |
|  design_1_i/clk_wiz/inst/clk_out1 | design_1_i/Ext_KWTA8k_0/inst/ap_CS_fsm[25]_i_1_n_0                                                 |                                                                                                              |                5 |             26 |
|  design_1_i/clk_wiz/inst/clk_out1 | design_1_i/Ext_HTA_0/inst/ap_CS_fsm_state12                                                        |                                                                                                              |                4 |             26 |
|  design_1_i/clk_wiz/inst/clk_out1 | design_1_i/Ext_HTA_0/inst/ap_NS_fsm[11]                                                            |                                                                                                              |                7 |             26 |
|  design_1_i/clk_wiz/inst/clk_out1 | design_1_i/Ext_KWTA8k_0/inst/ap_CS_fsm_state22                                                     |                                                                                                              |                4 |             28 |
|  design_1_i/clk_wiz/inst/clk_out1 | design_1_i/Ext_HTA_0/inst/ap_CS_fsm_state50                                                        |                                                                                                              |                5 |             28 |
|  design_1_i/clk_wiz/inst/clk_out1 | design_1_i/Ext_KWTA8k_0/inst/ap_CS_fsm_state27                                                     |                                                                                                              |                8 |             30 |
|  design_1_i/clk_wiz/inst/clk_out1 | design_1_i/Ext_KWTA8k_0/inst/com_port_allocated_addr_V_ap_ack                                      |                                                                                                              |                5 |             32 |
|  design_1_i/clk_wiz/inst/clk_out1 | design_1_i/Ext_HTA_0/inst/ap_NS_fsm[15]                                                            |                                                                                                              |                7 |             36 |
|  design_1_i/clk_wiz/inst/clk_out1 | design_1_i/Ext_KWTA8k_0/inst/ap_CS_fsm_state5                                                      |                                                                                                              |               10 |             42 |
|  design_1_i/clk_wiz/inst/clk_out1 | design_1_i/Ext_KWTA8k_0/inst/ap_CS_fsm_state28                                                     |                                                                                                              |               10 |             56 |
|  design_1_i/clk_wiz/inst/clk_out1 | design_1_i/acc8kmau_0/inst/grp_HLS_malloc_1_s_fu_99/r_fu_44_reg[1]                                 | design_1_i/acc8kmau_0/inst/grp_HLS_malloc_1_s_fu_99/r_fu_44_reg[31]                                          |                8 |             62 |
|  design_1_i/clk_wiz/inst/clk_out1 | design_1_i/Ext_KWTA8k_0/inst/ap_CS_fsm_state4                                                      |                                                                                                              |               14 |             62 |
|  design_1_i/clk_wiz/inst/clk_out1 | design_1_i/acc8kmau_0/inst/grp_HLS_malloc_1_s_fu_99/grp_HLS_malloc_1_s_fu_99_allocator_addr_ap_ack |                                                                                                              |               18 |             64 |
|  design_1_i/clk_wiz/inst/clk_out1 | design_1_i/acc8kmau_0/inst/grp_HLS_free_1_s_fu_113/ap_NS_fsm12_out                                 | design_1_i/acc8kmau_0/inst/grp_HLS_free_1_s_fu_113/SR[0]                                                     |                9 |             64 |
|  design_1_i/clk_wiz/inst/clk_out1 | design_1_i/Ext_KWTA8k_0/inst/ap_CS_fsm_state24                                                     |                                                                                                              |               12 |             74 |
|  design_1_i/clk_wiz/inst/clk_out1 | design_1_i/Ext_HTA_0/inst/p_03598_2_reg_771                                                        |                                                                                                              |               21 |             74 |
|  design_1_i/clk_wiz/inst/clk_out1 | design_1_i/Ext_KWTA8k_0/inst/ap_CS_fsm_state37                                                     |                                                                                                              |               17 |             76 |
|  design_1_i/clk_wiz/inst/clk_out1 | design_1_i/Ext_KWTA8k_0/inst/ap_CS_fsm_state15                                                     |                                                                                                              |               16 |             76 |
|  design_1_i/clk_wiz/inst/clk_out1 | design_1_i/Ext_KWTA8k_0/inst/alloc_cmd_ap_ack                                                      |                                                                                                              |               13 |             88 |
|  design_1_i/clk_wiz/inst/clk_out1 | design_1_i/acc8kmau_0/inst/ap_CS_fsm_state3                                                        |                                                                                                              |               14 |             92 |
|  design_1_i/clk_wiz/inst/clk_out1 | design_1_i/Ext_KWTA8k_0/inst/ap_CS_fsm_state33                                                     |                                                                                                              |               26 |             94 |
|  design_1_i/clk_wiz/inst/clk_out1 | design_1_i/Ext_HTA_0/inst/mark_mask_V_U/Ext_HTA_mark_mask_V_rom_U/E[0]                             |                                                                                                              |               45 |            124 |
|  design_1_i/clk_wiz/inst/clk_out1 | design_1_i/Ext_HTA_0/inst/p_03598_2_reg_771                                                        | design_1_i/Ext_HTA_0/inst/p_03550_2_reg_790[63]_i_1_n_0                                                      |               27 |            126 |
|  design_1_i/clk_wiz/inst/clk_out1 | design_1_i/Ext_HTA_0/inst/ap_CS_fsm_state65                                                        |                                                                                                              |               22 |            128 |
|  design_1_i/clk_wiz/inst/clk_out1 | design_1_i/Ext_KWTA8k_0/inst/ap_CS_fsm_state16                                                     |                                                                                                              |               24 |            128 |
|  design_1_i/clk_wiz/inst/clk_out1 | design_1_i/Ext_HTA_0/inst/ap_CS_fsm_state62                                                        |                                                                                                              |               17 |            128 |
|  design_1_i/clk_wiz/inst/clk_out1 | design_1_i/Ext_HTA_0/inst/buddy_tree_V_U/Ext_HTA_buddy_trebkb_ram_U/buddy_tree_V_ce1               |                                                                                                              |               15 |            128 |
|  design_1_i/clk_wiz/inst/clk_out1 | design_1_i/Ext_HTA_0/inst/buddy_tree_V_U/Ext_HTA_buddy_trebkb_ram_U/buddy_tree_V_ce0               |                                                                                                              |               16 |            128 |
|  design_1_i/clk_wiz/inst/clk_out1 | design_1_i/Ext_KWTA8k_0/inst/ap_NS_fsm[19]                                                         |                                                                                                              |               34 |            128 |
|  design_1_i/clk_wiz/inst/clk_out1 | design_1_i/Ext_KWTA8k_0/inst/top_heap_V_1[63]_i_1_n_0                                              |                                                                                                              |               30 |            128 |
|  design_1_i/clk_wiz/inst/clk_out1 | design_1_i/Ext_KWTA8k_0/inst/top_heap_V_0                                                          |                                                                                                              |               44 |            128 |
|  design_1_i/clk_wiz/inst/clk_out1 | design_1_i/Ext_HTA_0/inst/ap_CS_fsm_state32                                                        |                                                                                                              |               24 |            128 |
|  design_1_i/clk_wiz/inst/clk_out1 | design_1_i/Ext_HTA_0/inst/ap_CS_fsm_state14                                                        |                                                                                                              |               23 |            128 |
|  design_1_i/clk_wiz/inst/clk_out1 | design_1_i/Ext_HTA_0/inst/reg_10020                                                                |                                                                                                              |               33 |            128 |
|  design_1_i/clk_wiz/inst/clk_out1 | design_1_i/Ext_HTA_0/inst/reg_1006[63]_i_1_n_0                                                     |                                                                                                              |               22 |            128 |
|  design_1_i/clk_wiz/inst/clk_out1 | design_1_i/Ext_HTA_0/inst/storemerge1_reg_863[63]_i_1_n_0                                          |                                                                                                              |               15 |            128 |
|  design_1_i/clk_wiz/inst/clk_out1 | design_1_i/Ext_KWTA8k_0/inst/ap_CS_fsm_state38                                                     |                                                                                                              |               30 |            128 |
|  design_1_i/clk_wiz/inst/clk_out1 | design_1_i/Ext_HTA_0/inst/rhs_V_4_reg_675[63]_i_1_n_0                                              |                                                                                                              |               30 |            128 |
|  design_1_i/clk_wiz/inst/clk_out1 | design_1_i/Ext_KWTA8k_0/inst/ap_CS_fsm_state23                                                     |                                                                                                              |               15 |            128 |
|  design_1_i/clk_wiz/inst/clk_out1 | design_1_i/Ext_HTA_0/inst/reg_687[63]_i_1_n_0                                                      |                                                                                                              |               43 |            128 |
|  design_1_i/clk_wiz/inst/clk_out1 | design_1_i/Ext_HTA_0/inst/reg_9980                                                                 |                                                                                                              |               23 |            128 |
|  design_1_i/clk_wiz/inst/clk_out1 | design_1_i/Ext_KWTA8k_0/inst/ap_CS_fsm_state10                                                     |                                                                                                              |               28 |            140 |
|  design_1_i/clk_wiz/inst/clk_out1 | design_1_i/Ext_HTA_0/inst/p_6_reg_717                                                              |                                                                                                              |               17 |            146 |
|  design_1_i/clk_wiz/inst/clk_out1 | design_1_i/Ext_HTA_0/inst/ap_CS_fsm_state5                                                         |                                                                                                              |               39 |            146 |
|  design_1_i/clk_wiz/inst/clk_out1 | design_1_i/Ext_HTA_0/inst/ap_CS_fsm_state40                                                        |                                                                                                              |               35 |            150 |
|  design_1_i/clk_wiz/inst/clk_out1 | design_1_i/Ext_HTA_0/inst/t_V_reg_555                                                              |                                                                                                              |               26 |            152 |
|  design_1_i/clk_wiz/inst/clk_out1 | design_1_i/Ext_KWTA8k_0/inst/ap_CS_fsm_state21                                                     |                                                                                                              |               22 |            156 |
|  design_1_i/clk_wiz/inst/clk_out1 | design_1_i/Ext_HTA_0/inst/t1_V_reg_821                                                             |                                                                                                              |               33 |            158 |
|  design_1_i/clk_wiz/inst/clk_out1 |                                                                                                    | design_1_i/Ext_HTA_0/inst/ap_CS_fsm_state47                                                                  |               32 |            166 |
|  design_1_i/clk_wiz/inst/clk_out1 | design_1_i/Ext_KWTA8k_0/inst/ap_NS_fsm[20]                                                         |                                                                                                              |               31 |            256 |
|  design_1_i/clk_wiz/inst/clk_out1 | design_1_i/Ext_HTA_0/inst/buddy_tree_V_U/Ext_HTA_buddy_trebkb_ram_U/p_0_in_0                       |                                                                                                              |               16 |            256 |
|  design_1_i/clk_wiz/inst/clk_out1 | design_1_i/Ext_HTA_0/inst/ap_CS_fsm_state63                                                        |                                                                                                              |               49 |            256 |
|  design_1_i/clk_wiz/inst/clk_out1 | design_1_i/Ext_HTA_0/inst/ap_CS_fsm_state64                                                        |                                                                                                              |               32 |            256 |
|  design_1_i/clk_wiz/inst/clk_out1 | design_1_i/Ext_HTA_0/inst/ap_CS_fsm_state39                                                        |                                                                                                              |               51 |            260 |
|  design_1_i/clk_wiz/inst/clk_out1 |                                                                                                    | design_1_i/rst_clk_wiz_100M/U0/peripheral_reset[0]                                                           |               66 |            262 |
|  design_1_i/clk_wiz/inst/clk_out1 | design_1_i/Ext_KWTA8k_0/inst/extra_mask_V_U/Ext_KWTA8k_extra_ibs_rom_U/E[0]                        |                                                                                                              |               50 |            268 |
|  design_1_i/clk_wiz/inst/clk_out1 | design_1_i/Ext_HTA_0/inst/ap_CS_fsm_state23                                                        |                                                                                                              |               84 |            384 |
|  design_1_i/clk_wiz/inst/clk_out1 | design_1_i/Ext_HTA_0/inst/ap_CS_fsm_state28                                                        |                                                                                                              |              102 |            384 |
|  design_1_i/clk_wiz/inst/clk_out1 | design_1_i/Ext_HTA_0/inst/ap_CS_fsm_state58                                                        |                                                                                                              |               78 |            384 |
|  design_1_i/clk_wiz/inst/clk_out1 |                                                                                                    |                                                                                                              |              153 |            530 |
|  design_1_i/clk_wiz/inst/clk_out1 | design_1_i/Ext_HTA_0/inst/ap_CS_fsm_state66                                                        |                                                                                                              |              184 |           1152 |
+-----------------------------------+----------------------------------------------------------------------------------------------------+--------------------------------------------------------------------------------------------------------------+------------------+----------------+


